22:19:49 # sweep_test (fio) start: values=17 (4096..131072 step 8192) passes=90 tests='seq rand conc mixed' runs=6120
22:19:49 # knob=/sys/fs/btrfs/8d042c29-f7ed-420b-9f91-bb9737a183ae/bdi/read_ahead_kb start_value=131072 dev=sdb fio-3.39
22:19:49 # seq/mixed file=model-00007-of-00010.safetensors  rand file=flux_dev.safetensors (4x64k buffered, 12s)
22:19:49 # conc = 4 streams x 3g  disturber = 50 iops x 64k O_DIRECT on model-fp8-mtp-ple.safetensors
22:20:02 BASE idle_array dist_iops=49 lat_p50_ms=8.716288 lat_p95_ms=49.545216 lat_p99_ms=202.375168
22:20:19 RUN n=1/6120 pass=1 test=rand ra=4096 mbps=29.3 secs=12.0 minsec_mbps=- slow_secs=- inflight=3.8 lat_ms=8.9 fio_mib=335 disk_mib=367 disk_ratio=1.09 other_writes_mib=3.2 streams_min_mbps=- iops=446.5 lat_p50_ms=8.3 lat_p95_ms=18.0 lat_p99_ms=26.6 status=ok
22:20:39 RUN n=2/6120 pass=1 test=mixed ra=20480 mbps=679.1 secs=14.7 minsec_mbps=476 slow_secs=2 inflight=83.9 lat_ms=32.5 fio_mib=9542 disk_mib=9551 disk_ratio=1.00 other_writes_mib=4.6 streams_min_mbps=- iops=20.4 lat_p50_ms=31.9 lat_p95_ms=147.8 lat_p99_ms=189.8 status=ok
22:21:02 RUN n=3/6120 pass=1 test=conc ra=61440 mbps=673.8 secs=19.1 minsec_mbps=546 slow_secs=2 inflight=249.9 lat_ms=94.9 fio_mib=12288 disk_mib=12193 disk_ratio=0.99 other_writes_mib=8.2 streams_min_mbps=168.4 iops=- lat_p50_ms=- lat_p95_ms=- lat_p99_ms=- status=ok
22:21:19 RUN n=4/6120 pass=1 test=seq ra=126976 mbps=794.0 secs=12.6 minsec_mbps=617 slow_secs=0 inflight=226.5 lat_ms=75.6 fio_mib=9542 disk_mib=9532 disk_ratio=1.00 other_writes_mib=6.5 streams_min_mbps=- iops=- lat_p50_ms=- lat_p95_ms=- lat_p99_ms=- status=ok
22:21:48 RUN n=5/6120 pass=1 test=mixed ra=4096 mbps=404.8 secs=24.7 minsec_mbps=316 slow_secs=23 inflight=18.4 lat_ms=11.6 fio_mib=9542 disk_mib=9604 disk_ratio=1.01 other_writes_mib=10.0 streams_min_mbps=- iops=46.8 lat_p50_ms=14.6 lat_p95_ms=56.4 lat_p99_ms=94.9 status=ok
22:22:05 RUN n=6/6120 pass=1 test=mixed ra=126976 mbps=802.5 secs=12.5 minsec_mbps=585 slow_secs=1 inflight=223.9 lat_ms=73.7 fio_mib=9542 disk_mib=9539 disk_ratio=1.00 other_writes_mib=2.4 streams_min_mbps=- iops=8.9 lat_p50_ms=113.8 lat_p95_ms=204.5 lat_p99_ms=287.3 status=ok
22:22:21 RUN n=7/6120 pass=1 test=rand ra=61440 mbps=26.4 secs=12.0 minsec_mbps=- slow_secs=- inflight=3.8 lat_ms=9.8 fio_mib=302 disk_mib=330 disk_ratio=1.09 other_writes_mib=3.0 streams_min_mbps=- iops=402.1 lat_p50_ms=8.5 lat_p95_ms=19.8 lat_p99_ms=48.0 status=ok
22:22:38 RUN n=8/6120 pass=1 test=seq ra=86016 mbps=792.9 secs=12.6 minsec_mbps=640 slow_secs=0 inflight=221.2 lat_ms=73.7 fio_mib=9542 disk_mib=9532 disk_ratio=1.00 other_writes_mib=2.3 streams_min_mbps=- iops=- lat_p50_ms=- lat_p95_ms=- lat_p99_ms=- status=ok
22:22:56 RUN n=9/6120 pass=1 test=seq ra=4096 mbps=753.8 secs=13.3 minsec_mbps=590 slow_secs=1 inflight=16.9 lat_ms=5.9 fio_mib=9542 disk_mib=9532 disk_ratio=1.00 other_writes_mib=5.1 streams_min_mbps=- iops=- lat_p50_ms=- lat_p95_ms=- lat_p99_ms=- status=ok
22:23:13 RUN n=10/6120 pass=1 test=seq ra=45056 mbps=790.0 secs=12.7 minsec_mbps=652 slow_secs=0 inflight=168.4 lat_ms=57.1 fio_mib=9542 disk_mib=9532 disk_ratio=1.00 other_writes_mib=4.4 streams_min_mbps=- iops=- lat_p50_ms=- lat_p95_ms=- lat_p99_ms=- status=ok
22:23:30 RUN n=11/6120 pass=1 test=mixed ra=118784 mbps=779.1 secs=12.8 minsec_mbps=612 slow_secs=0 inflight=222.9 lat_ms=75.5 fio_mib=9542 disk_mib=9540 disk_ratio=1.00 other_writes_mib=5.5 streams_min_mbps=- iops=9.7 lat_p50_ms=90.7 lat_p95_ms=223.3 lat_p99_ms=295.7 status=ok
22:23:46 RUN n=12/6120 pass=1 test=rand ra=110592 mbps=27.1 secs=12.1 minsec_mbps=- slow_secs=- inflight=3.8 lat_ms=9.5 fio_mib=312 disk_mib=343 disk_ratio=1.10 other_writes_mib=4.0 streams_min_mbps=- iops=413.4 lat_p50_ms=8.5 lat_p95_ms=18.5 lat_p99_ms=34.3 status=ok
22:24:01 RUN n=13/6120 pass=1 test=rand ra=28672 mbps=20.2 secs=12.1 minsec_mbps=- slow_secs=- inflight=3.8 lat_ms=12.9 fio_mib=233 disk_mib=255 disk_ratio=1.10 other_writes_mib=26.4 streams_min_mbps=- iops=308.7 lat_p50_ms=8.6 lat_p95_ms=23.5 lat_p99_ms=129.5 status=NOISY:writes
22:24:18 RUN n=14/6120 pass=1 test=seq ra=110592 mbps=809.8 secs=12.4 minsec_mbps=613 slow_secs=0 inflight=223.2 lat_ms=72.7 fio_mib=9542 disk_mib=9532 disk_ratio=1.00 other_writes_mib=2.3 streams_min_mbps=- iops=- lat_p50_ms=- lat_p95_ms=- lat_p99_ms=- status=ok
22:24:35 RUN n=15/6120 pass=1 test=seq ra=12288 mbps=792.6 secs=12.6 minsec_mbps=624 slow_secs=0 inflight=44.8 lat_ms=14.9 fio_mib=9542 disk_mib=9532 disk_ratio=1.00 other_writes_mib=4.5 streams_min_mbps=- iops=- lat_p50_ms=- lat_p95_ms=- lat_p99_ms=- status=ok
22:24:52 RUN n=16/6120 pass=1 test=seq ra=118784 mbps=831.1 secs=12.0 minsec_mbps=625 slow_secs=0 inflight=223.6 lat_ms=71.5 fio_mib=9542 disk_mib=9532 disk_ratio=1.00 other_writes_mib=3.1 streams_min_mbps=- iops=- lat_p50_ms=- lat_p95_ms=- lat_p99_ms=- status=ok
22:25:09 RUN n=17/6120 pass=1 test=seq ra=36864 mbps=779.3 secs=12.8 minsec_mbps=496 slow_secs=1 inflight=140.2 lat_ms=47.5 fio_mib=9542 disk_mib=9532 disk_ratio=1.00 other_writes_mib=7.6 streams_min_mbps=- iops=- lat_p50_ms=- lat_p95_ms=- lat_p99_ms=- status=ok
22:25:27 RUN n=18/6120 pass=1 test=mixed ra=102400 mbps=785.1 secs=12.7 minsec_mbps=542 slow_secs=1 inflight=221.6 lat_ms=74.9 fio_mib=9542 disk_mib=9540 disk_ratio=1.00 other_writes_mib=3.1 streams_min_mbps=- iops=9.6 lat_p50_ms=99.1 lat_p95_ms=206.6 lat_p99_ms=320.9 status=ok
22:25:44 RUN n=19/6120 pass=1 test=seq ra=69632 mbps=795.0 secs=12.6 minsec_mbps=528 slow_secs=1 inflight=215.6 lat_ms=72.1 fio_mib=9542 disk_mib=9532 disk_ratio=1.00 other_writes_mib=6.4 streams_min_mbps=- iops=- lat_p50_ms=- lat_p95_ms=- lat_p99_ms=- status=ok
22:26:11 RUN n=20/6120 pass=1 test=conc ra=77824 mbps=567.7 secs=22.7 minsec_mbps=97 slow_secs=7 inflight=250.0 lat_ms=112.8 fio_mib=12288 disk_mib=12205 disk_ratio=0.99 other_writes_mib=31.2 streams_min_mbps=141.9 iops=- lat_p50_ms=- lat_p95_ms=- lat_p99_ms=- status=NOISY:writes
22:26:31 RUN n=21/6120 pass=1 test=mixed ra=12288 mbps=640.8 secs=15.6 minsec_mbps=525 slow_secs=3 inflight=49.0 lat_ms=19.9 fio_mib=9542 disk_mib=9558 disk_ratio=1.00 other_writes_mib=3.4 streams_min_mbps=- iops=27.3 lat_p50_ms=22.9 lat_p95_ms=111.7 lat_p99_ms=170.9 status=ok
22:26:50 RUN n=22/6120 pass=1 test=mixed ra=36864 mbps=739.8 secs=13.5 minsec_mbps=599 slow_secs=1 inflight=143.0 lat_ms=51.1 fio_mib=9542 disk_mib=9544 disk_ratio=1.00 other_writes_mib=1.4 streams_min_mbps=- iops=14.6 lat_p50_ms=51.6 lat_p95_ms=183.5 lat_p99_ms=240.1 status=ok
22:27:05 RUN n=23/6120 pass=1 test=rand ra=94208 mbps=26.3 secs=12.0 minsec_mbps=- slow_secs=- inflight=3.8 lat_ms=9.9 fio_mib=301 disk_mib=328 disk_ratio=1.09 other_writes_mib=3.0 streams_min_mbps=- iops=400.8 lat_p50_ms=8.5 lat_p95_ms=19.0 lat_p99_ms=43.3 status=ok
22:27:29 RUN n=24/6120 pass=1 test=conc ra=28672 mbps=667.4 secs=19.3 minsec_mbps=567 slow_secs=4 inflight=247.9 lat_ms=96.5 fio_mib=12288 disk_mib=12003 disk_ratio=0.98 other_writes_mib=6.4 streams_min_mbps=166.8 iops=- lat_p50_ms=- lat_p95_ms=- lat_p99_ms=- status=ok
22:27:46 RUN n=25/6120 pass=1 test=seq ra=102400 mbps=800.8 secs=12.5 minsec_mbps=620 slow_secs=0 inflight=221.9 lat_ms=74.3 fio_mib=9542 disk_mib=9532 disk_ratio=1.00 other_writes_mib=6.4 streams_min_mbps=- iops=- lat_p50_ms=- lat_p95_ms=- lat_p99_ms=- status=ok
22:28:04 RUN n=26/6120 pass=1 test=mixed ra=131072 mbps=759.3 secs=13.2 minsec_mbps=548 slow_secs=2 inflight=222.3 lat_ms=78.5 fio_mib=9542 disk_mib=9540 disk_ratio=1.00 other_writes_mib=28.1 streams_min_mbps=- iops=9.9 lat_p50_ms=91.8 lat_p95_ms=225.4 lat_p99_ms=329.3 status=NOISY:writes
22:28:29 RUN n=27/6120 pass=1 test=conc ra=102400 mbps=661.1 secs=19.5 minsec_mbps=516 slow_secs=2 inflight=249.4 lat_ms=94.9 fio_mib=12288 disk_mib=12439 disk_ratio=1.01 other_writes_mib=4.6 streams_min_mbps=165.3 iops=- lat_p50_ms=- lat_p95_ms=- lat_p99_ms=- status=ok
22:28:44 RUN n=28/6120 pass=1 test=rand ra=36864 mbps=28.2 secs=12.0 minsec_mbps=- slow_secs=- inflight=3.8 lat_ms=9.2 fio_mib=322 disk_mib=357 disk_ratio=1.11 other_writes_mib=3.1 streams_min_mbps=- iops=429.6 lat_p50_ms=8.4 lat_p95_ms=18.0 lat_p99_ms=27.4 status=ok
22:29:00 RUN n=29/6120 pass=1 test=rand ra=45056 mbps=26.0 secs=12.0 minsec_mbps=- slow_secs=- inflight=3.8 lat_ms=10.0 fio_mib=298 disk_mib=327 disk_ratio=1.10 other_writes_mib=2.5 streams_min_mbps=- iops=396.9 lat_p50_ms=8.5 lat_p95_ms=18.7 lat_p99_ms=45.4 status=ok
22:29:17 RUN n=30/6120 pass=1 test=seq ra=20480 mbps=751.2 secs=13.3 minsec_mbps=553 slow_secs=1 inflight=75.1 lat_ms=26.5 fio_mib=9542 disk_mib=9532 disk_ratio=1.00 other_writes_mib=6.7 streams_min_mbps=- iops=- lat_p50_ms=- lat_p95_ms=- lat_p99_ms=- status=ok
22:29:35 RUN n=31/6120 pass=1 test=mixed ra=45056 mbps=740.8 secs=13.5 minsec_mbps=618 slow_secs=0 inflight=165.6 lat_ms=59.4 fio_mib=9542 disk_mib=9543 disk_ratio=1.00 other_writes_mib=5.6 streams_min_mbps=- iops=13.0 lat_p50_ms=59.0 lat_p95_ms=208.7 lat_p99_ms=248.5 status=ok
22:30:01 RUN n=32/6120 pass=1 test=conc ra=94208 mbps=629.5 secs=20.5 minsec_mbps=434 slow_secs=5 inflight=249.7 lat_ms=99.2 fio_mib=12288 disk_mib=12556 disk_ratio=1.02 other_writes_mib=26.4 streams_min_mbps=157.4 iops=- lat_p50_ms=- lat_p95_ms=- lat_p99_ms=- status=NOISY:writes
22:30:16 RUN n=33/6120 pass=1 test=rand ra=12288 mbps=25.7 secs=12.0 minsec_mbps=- slow_secs=- inflight=3.8 lat_ms=10.1 fio_mib=294 disk_mib=321 disk_ratio=1.09 other_writes_mib=4.8 streams_min_mbps=- iops=391.4 lat_p50_ms=8.5 lat_p95_ms=19.3 lat_p99_ms=69.7 status=ok
22:30:32 RUN n=34/6120 pass=1 test=rand ra=77824 mbps=26.7 secs=12.0 minsec_mbps=- slow_secs=- inflight=3.8 lat_ms=9.7 fio_mib=306 disk_mib=333 disk_ratio=1.09 other_writes_mib=6.4 streams_min_mbps=- iops=408.0 lat_p50_ms=8.4 lat_p95_ms=18.7 lat_p99_ms=38.0 status=ok
22:30:49 RUN n=35/6120 pass=1 test=seq ra=61440 mbps=832.4 secs=12.0 minsec_mbps=697 slow_secs=0 inflight=200.8 lat_ms=64.4 fio_mib=9542 disk_mib=9532 disk_ratio=1.00 other_writes_mib=4.2 streams_min_mbps=- iops=- lat_p50_ms=- lat_p95_ms=- lat_p99_ms=- status=ok
22:31:06 RUN n=36/6120 pass=1 test=mixed ra=86016 mbps=784.2 secs=12.8 minsec_mbps=632 slow_secs=0 inflight=223.4 lat_ms=75.9 fio_mib=9542 disk_mib=9540 disk_ratio=1.00 other_writes_mib=4.3 streams_min_mbps=- iops=10.3 lat_p50_ms=83.4 lat_p95_ms=233.8 lat_p99_ms=320.9 status=ok
22:31:24 RUN n=37/6120 pass=1 test=mixed ra=77824 mbps=753.3 secs=13.3 minsec_mbps=601 slow_secs=0 inflight=216.6 lat_ms=76.3 fio_mib=9542 disk_mib=9540 disk_ratio=1.00 other_writes_mib=24.9 streams_min_mbps=- iops=9.8 lat_p50_ms=93.8 lat_p95_ms=254.8 lat_p99_ms=337.6 status=NOISY:writes
22:31:39 RUN n=38/6120 pass=1 test=rand ra=102400 mbps=27.3 secs=12.0 minsec_mbps=- slow_secs=- inflight=3.8 lat_ms=9.5 fio_mib=312 disk_mib=343 disk_ratio=1.10 other_writes_mib=4.0 streams_min_mbps=- iops=416.3 lat_p50_ms=8.5 lat_p95_ms=18.0 lat_p99_ms=32.4 status=ok
22:31:58 RUN n=39/6120 pass=1 test=mixed ra=110592 mbps=717.4 secs=13.9 minsec_mbps=296 slow_secs=1 inflight=224.7 lat_ms=83.5 fio_mib=9542 disk_mib=9540 disk_ratio=1.00 other_writes_mib=59.5 streams_min_mbps=- iops=8.9 lat_p50_ms=104.3 lat_p95_ms=250.6 lat_p99_ms=455.1 status=NOISY:writes
22:32:13 RUN n=40/6120 pass=1 test=rand ra=20480 mbps=24.4 secs=12.0 minsec_mbps=- slow_secs=- inflight=4.1 lat_ms=10.6 fio_mib=280 disk_mib=313 disk_ratio=1.12 other_writes_mib=24.3 streams_min_mbps=- iops=372.4 lat_p50_ms=8.6 lat_p95_ms=21.9 lat_p99_ms=62.1 status=NOISY:writes
22:32:37 RUN n=41/6120 pass=1 test=conc ra=53248 mbps=686.9 secs=18.8 minsec_mbps=554 slow_secs=2 inflight=249.1 lat_ms=93.4 fio_mib=12288 disk_mib=12115 disk_ratio=0.99 other_writes_mib=3.8 streams_min_mbps=171.7 iops=- lat_p50_ms=- lat_p95_ms=- lat_p99_ms=- status=ok
22:32:55 RUN n=42/6120 pass=1 test=mixed ra=53248 mbps=749.1 secs=13.4 minsec_mbps=350 slow_secs=1 inflight=200.9 lat_ms=71.2 fio_mib=9542 disk_mib=9541 disk_ratio=1.00 other_writes_mib=51.4 streams_min_mbps=- iops=10.4 lat_p50_ms=88.6 lat_p95_ms=233.8 lat_p99_ms=316.7 status=NOISY:writes
22:33:12 RUN n=43/6120 pass=1 test=mixed ra=94208 mbps=771.7 secs=13.0 minsec_mbps=636 slow_secs=0 inflight=221.9 lat_ms=76.0 fio_mib=9542 disk_mib=9540 disk_ratio=1.00 other_writes_mib=4.1 streams_min_mbps=- iops=10.7 lat_p50_ms=80.2 lat_p95_ms=225.4 lat_p99_ms=278.9 status=ok
22:33:41 RUN n=44/6120 pass=1 test=conc ra=86016 mbps=540.5 secs=23.8 minsec_mbps=100 slow_secs=12 inflight=250.1 lat_ms=116.3 fio_mib=12288 disk_mib=12371 disk_ratio=1.01 other_writes_mib=9.7 streams_min_mbps=135.1 iops=- lat_p50_ms=- lat_p95_ms=- lat_p99_ms=- status=ok
22:33:58 RUN n=45/6120 pass=1 test=seq ra=28672 mbps=807.4 secs=12.4 minsec_mbps=667 slow_secs=0 inflight=104.2 lat_ms=34.4 fio_mib=9542 disk_mib=9532 disk_ratio=1.00 other_writes_mib=3.9 streams_min_mbps=- iops=- lat_p50_ms=- lat_p95_ms=- lat_p99_ms=- status=ok
22:34:14 RUN n=46/6120 pass=1 test=rand ra=86016 mbps=27.1 secs=12.0 minsec_mbps=- slow_secs=- inflight=3.8 lat_ms=9.6 fio_mib=310 disk_mib=340 disk_ratio=1.10 other_writes_mib=3.9 streams_min_mbps=- iops=413.1 lat_p50_ms=8.4 lat_p95_ms=18.2 lat_p99_ms=40.1 status=ok
22:34:38 RUN n=47/6120 pass=1 test=conc ra=45056 mbps=674.0 secs=19.1 minsec_mbps=487 slow_secs=3 inflight=249.8 lat_ms=95.4 fio_mib=12288 disk_mib=12055 disk_ratio=0.98 other_writes_mib=4.0 streams_min_mbps=168.5 iops=- lat_p50_ms=- lat_p95_ms=- lat_p99_ms=- status=ok
22:35:15 RUN n=48/6120 pass=1 test=conc ra=4096 mbps=396.6 secs=32.5 minsec_mbps=284 slow_secs=30 inflight=90.3 lat_ms=59.4 fio_mib=12288 disk_mib=11867 disk_ratio=0.97 other_writes_mib=14.2 streams_min_mbps=99.2 iops=- lat_p50_ms=- lat_p95_ms=- lat_p99_ms=- status=ok
22:35:40 RUN n=49/6120 pass=1 test=conc ra=110592 mbps=651.3 secs=19.8 minsec_mbps=575 slow_secs=4 inflight=250.4 lat_ms=95.7 fio_mib=12288 disk_mib=12558 disk_ratio=1.02 other_writes_mib=6.6 streams_min_mbps=162.8 iops=- lat_p50_ms=- lat_p95_ms=- lat_p99_ms=- status=ok
22:35:57 RUN n=50/6120 pass=1 test=seq ra=53248 mbps=812.3 secs=12.3 minsec_mbps=528 slow_secs=1 inflight=196.7 lat_ms=64.3 fio_mib=9542 disk_mib=9532 disk_ratio=1.00 other_writes_mib=3.8 streams_min_mbps=- iops=- lat_p50_ms=- lat_p95_ms=- lat_p99_ms=- status=ok
22:36:21 RUN n=51/6120 pass=1 test=conc ra=36864 mbps=665.1 secs=19.4 minsec_mbps=411 slow_secs=5 inflight=249.4 lat_ms=97.0 fio_mib=12288 disk_mib=12034 disk_ratio=0.98 other_writes_mib=4.7 streams_min_mbps=166.3 iops=- lat_p50_ms=- lat_p95_ms=- lat_p99_ms=- status=ok
22:36:38 RUN n=52/6120 pass=1 test=seq ra=77824 mbps=822.8 secs=12.2 minsec_mbps=602 slow_secs=0 inflight=220.8 lat_ms=72.2 fio_mib=9542 disk_mib=9532 disk_ratio=1.00 other_writes_mib=5.6 streams_min_mbps=- iops=- lat_p50_ms=- lat_p95_ms=- lat_p99_ms=- status=ok
22:36:53 RUN n=53/6120 pass=1 test=rand ra=69632 mbps=29.6 secs=12.0 minsec_mbps=- slow_secs=- inflight=3.8 lat_ms=8.7 fio_mib=339 disk_mib=371 disk_ratio=1.09 other_writes_mib=2.9 streams_min_mbps=- iops=451.5 lat_p50_ms=8.3 lat_p95_ms=17.4 lat_p99_ms=25.0 status=ok
22:37:11 RUN n=54/6120 pass=1 test=mixed ra=61440 mbps=788.9 secs=12.7 minsec_mbps=607 slow_secs=0 inflight=209.2 lat_ms=70.7 fio_mib=9542 disk_mib=9540 disk_ratio=1.00 other_writes_mib=4.4 streams_min_mbps=- iops=10.2 lat_p50_ms=85.5 lat_p95_ms=208.7 lat_p99_ms=362.8 status=ok
22:37:35 RUN n=55/6120 pass=1 test=conc ra=20480 mbps=656.9 secs=19.6 minsec_mbps=500 slow_secs=4 inflight=240.6 lat_ms=95.4 fio_mib=12288 disk_mib=11939 disk_ratio=0.97 other_writes_mib=6.8 streams_min_mbps=164.2 iops=- lat_p50_ms=- lat_p95_ms=- lat_p99_ms=- status=ok
22:37:52 RUN n=56/6120 pass=1 test=seq ra=131072 mbps=839.6 secs=11.9 minsec_mbps=682 slow_secs=0 inflight=221.2 lat_ms=70.1 fio_mib=9542 disk_mib=9532 disk_ratio=1.00 other_writes_mib=6.1 streams_min_mbps=- iops=- lat_p50_ms=- lat_p95_ms=- lat_p99_ms=- status=ok
22:38:07 RUN n=57/6120 pass=1 test=rand ra=131072 mbps=27.1 secs=12.0 minsec_mbps=- slow_secs=- inflight=3.8 lat_ms=9.5 fio_mib=311 disk_mib=340 disk_ratio=1.09 other_writes_mib=17.1 streams_min_mbps=- iops=414.1 lat_p50_ms=8.5 lat_p95_ms=18.2 lat_p99_ms=31.3 status=ok
22:38:34 RUN n=58/6120 pass=1 test=conc ra=126976 mbps=580.3 secs=22.2 minsec_mbps=99 slow_secs=4 inflight=250.2 lat_ms=108.7 fio_mib=12288 disk_mib=12432 disk_ratio=1.01 other_writes_mib=7.4 streams_min_mbps=145.1 iops=- lat_p50_ms=- lat_p95_ms=- lat_p99_ms=- status=ok
22:39:02 RUN n=59/6120 pass=1 test=conc ra=118784 mbps=566.9 secs=22.7 minsec_mbps=76 slow_secs=6 inflight=250.8 lat_ms=110.1 fio_mib=12288 disk_mib=12559 disk_ratio=1.02 other_writes_mib=7.1 streams_min_mbps=141.7 iops=- lat_p50_ms=- lat_p95_ms=- lat_p99_ms=- status=ok
22:39:30 RUN n=60/6120 pass=1 test=conc ra=69632 mbps=552.2 secs=23.3 minsec_mbps=59 slow_secs=8 inflight=251.5 lat_ms=115.4 fio_mib=12288 disk_mib=12256 disk_ratio=1.00 other_writes_mib=50.5 streams_min_mbps=138.1 iops=- lat_p50_ms=- lat_p95_ms=- lat_p99_ms=- status=NOISY:writes
22:40:06 RUN n=61/6120 pass=1 test=conc ra=131072 mbps=422.8 secs=30.5 minsec_mbps=72 slow_secs=14 inflight=251.6 lat_ms=144.8 fio_mib=12288 disk_mib=12830 disk_ratio=1.04 other_writes_mib=67.4 streams_min_mbps=105.7 iops=- lat_p50_ms=- lat_p95_ms=- lat_p99_ms=- status=NOISY:writes
22:40:21 RUN n=62/6120 pass=1 test=rand ra=126976 mbps=28.9 secs=12.0 minsec_mbps=- slow_secs=- inflight=3.8 lat_ms=9.0 fio_mib=331 disk_mib=361 disk_ratio=1.09 other_writes_mib=3.5 streams_min_mbps=- iops=440.4 lat_p50_ms=8.3 lat_p95_ms=17.4 lat_p99_ms=25.8 status=ok
22:40:37 RUN n=63/6120 pass=1 test=rand ra=53248 mbps=28.5 secs=12.0 minsec_mbps=- slow_secs=- inflight=3.8 lat_ms=9.1 fio_mib=327 disk_mib=357 disk_ratio=1.09 other_writes_mib=12.0 streams_min_mbps=- iops=435.1 lat_p50_ms=8.3 lat_p95_ms=18.0 lat_p99_ms=29.5 status=ok
22:40:52 RUN n=64/6120 pass=1 test=rand ra=118784 mbps=27.9 secs=12.0 minsec_mbps=- slow_secs=- inflight=3.8 lat_ms=9.3 fio_mib=320 disk_mib=350 disk_ratio=1.10 other_writes_mib=8.7 streams_min_mbps=- iops=426.0 lat_p50_ms=8.5 lat_p95_ms=18.0 lat_p99_ms=30.5 status=ok
22:41:09 RUN n=65/6120 pass=1 test=seq ra=94208 mbps=833.7 secs=12.0 minsec_mbps=701 slow_secs=0 inflight=222.1 lat_ms=71.1 fio_mib=9542 disk_mib=9532 disk_ratio=1.00 other_writes_mib=3.4 streams_min_mbps=- iops=- lat_p50_ms=- lat_p95_ms=- lat_p99_ms=- status=ok
22:41:26 RUN n=66/6120 pass=1 test=mixed ra=69632 mbps=780.2 secs=12.8 minsec_mbps=650 slow_secs=0 inflight=218.0 lat_ms=73.9 fio_mib=9542 disk_mib=9540 disk_ratio=1.00 other_writes_mib=10.7 streams_min_mbps=- iops=10.4 lat_p50_ms=93.8 lat_p95_ms=219.2 lat_p99_ms=261.1 status=ok
22:41:45 RUN n=67/6120 pass=1 test=mixed ra=28672 mbps=712.7 secs=14.0 minsec_mbps=563 slow_secs=2 inflight=111.3 lat_ms=41.1 fio_mib=9542 disk_mib=9548 disk_ratio=1.00 other_writes_mib=4.7 streams_min_mbps=- iops=18.4 lat_p50_ms=39.1 lat_p95_ms=152.0 lat_p99_ms=210.8 status=ok
22:42:16 RUN n=68/6120 pass=1 test=conc ra=12288 mbps=507.5 secs=25.4 minsec_mbps=302 slow_secs=22 inflight=215.2 lat_ms=111.5 fio_mib=12288 disk_mib=11919 disk_ratio=0.97 other_writes_mib=147.4 streams_min_mbps=126.9 iops=- lat_p50_ms=- lat_p95_ms=- lat_p99_ms=- status=NOISY:writes
22:42:16 # SUMMARY after pass 1 (status=ok only; noisy = runs left out because of concurrent writes). mbps: median/min over passes; slow = avg slow seconds; iops + lat = medians (rand: its own reads, mixed: the disturber)
22:42:16 SUM pass<=1 conc 4096 n=1 noisy=0 mbps_median=397 mbps_min=397 slow_secs_avg=30.0 inflight=90 disk_ratio=0.97 iops=0 lat_p50_ms=0.0 lat_p95_ms=0.0 lat_p99_ms=0.0
22:42:16 SUM pass<=1 conc 20480 n=1 noisy=0 mbps_median=657 mbps_min=657 slow_secs_avg=4.0 inflight=241 disk_ratio=0.97 iops=0 lat_p50_ms=0.0 lat_p95_ms=0.0 lat_p99_ms=0.0
22:42:16 SUM pass<=1 conc 28672 n=1 noisy=0 mbps_median=667 mbps_min=667 slow_secs_avg=4.0 inflight=248 disk_ratio=0.98 iops=0 lat_p50_ms=0.0 lat_p95_ms=0.0 lat_p99_ms=0.0
22:42:16 SUM pass<=1 conc 36864 n=1 noisy=0 mbps_median=665 mbps_min=665 slow_secs_avg=5.0 inflight=249 disk_ratio=0.98 iops=0 lat_p50_ms=0.0 lat_p95_ms=0.0 lat_p99_ms=0.0
22:42:16 SUM pass<=1 conc 45056 n=1 noisy=0 mbps_median=674 mbps_min=674 slow_secs_avg=3.0 inflight=250 disk_ratio=0.98 iops=0 lat_p50_ms=0.0 lat_p95_ms=0.0 lat_p99_ms=0.0
22:42:16 SUM pass<=1 conc 53248 n=1 noisy=0 mbps_median=687 mbps_min=687 slow_secs_avg=2.0 inflight=249 disk_ratio=0.99 iops=0 lat_p50_ms=0.0 lat_p95_ms=0.0 lat_p99_ms=0.0
22:42:16 SUM pass<=1 conc 61440 n=1 noisy=0 mbps_median=674 mbps_min=674 slow_secs_avg=2.0 inflight=250 disk_ratio=0.99 iops=0 lat_p50_ms=0.0 lat_p95_ms=0.0 lat_p99_ms=0.0
22:42:16 SUM pass<=1 conc 86016 n=1 noisy=0 mbps_median=540 mbps_min=540 slow_secs_avg=12.0 inflight=250 disk_ratio=1.01 iops=0 lat_p50_ms=0.0 lat_p95_ms=0.0 lat_p99_ms=0.0
22:42:16 SUM pass<=1 conc 102400 n=1 noisy=0 mbps_median=661 mbps_min=661 slow_secs_avg=2.0 inflight=249 disk_ratio=1.01 iops=0 lat_p50_ms=0.0 lat_p95_ms=0.0 lat_p99_ms=0.0
22:42:16 SUM pass<=1 conc 110592 n=1 noisy=0 mbps_median=651 mbps_min=651 slow_secs_avg=4.0 inflight=250 disk_ratio=1.02 iops=0 lat_p50_ms=0.0 lat_p95_ms=0.0 lat_p99_ms=0.0
22:42:16 SUM pass<=1 conc 118784 n=1 noisy=0 mbps_median=567 mbps_min=567 slow_secs_avg=6.0 inflight=251 disk_ratio=1.02 iops=0 lat_p50_ms=0.0 lat_p95_ms=0.0 lat_p99_ms=0.0
22:42:16 SUM pass<=1 conc 126976 n=1 noisy=0 mbps_median=580 mbps_min=580 slow_secs_avg=4.0 inflight=250 disk_ratio=1.01 iops=0 lat_p50_ms=0.0 lat_p95_ms=0.0 lat_p99_ms=0.0
22:42:16 SUM pass<=1 mixed 4096 n=1 noisy=0 mbps_median=405 mbps_min=405 slow_secs_avg=23.0 inflight=18 disk_ratio=1.01 iops=47 lat_p50_ms=14.6 lat_p95_ms=56.4 lat_p99_ms=94.9
22:42:16 SUM pass<=1 mixed 12288 n=1 noisy=0 mbps_median=641 mbps_min=641 slow_secs_avg=3.0 inflight=49 disk_ratio=1.00 iops=27 lat_p50_ms=22.9 lat_p95_ms=111.7 lat_p99_ms=170.9
22:42:16 SUM pass<=1 mixed 20480 n=1 noisy=0 mbps_median=679 mbps_min=679 slow_secs_avg=2.0 inflight=84 disk_ratio=1.00 iops=20 lat_p50_ms=31.9 lat_p95_ms=147.8 lat_p99_ms=189.8
22:42:16 SUM pass<=1 mixed 28672 n=1 noisy=0 mbps_median=713 mbps_min=713 slow_secs_avg=2.0 inflight=111 disk_ratio=1.00 iops=18 lat_p50_ms=39.1 lat_p95_ms=152.0 lat_p99_ms=210.8
22:42:16 SUM pass<=1 mixed 36864 n=1 noisy=0 mbps_median=740 mbps_min=740 slow_secs_avg=1.0 inflight=143 disk_ratio=1.00 iops=15 lat_p50_ms=51.6 lat_p95_ms=183.5 lat_p99_ms=240.1
22:42:16 SUM pass<=1 mixed 45056 n=1 noisy=0 mbps_median=741 mbps_min=741 slow_secs_avg=0.0 inflight=166 disk_ratio=1.00 iops=13 lat_p50_ms=59.0 lat_p95_ms=208.7 lat_p99_ms=248.5
22:42:16 SUM pass<=1 mixed 61440 n=1 noisy=0 mbps_median=789 mbps_min=789 slow_secs_avg=0.0 inflight=209 disk_ratio=1.00 iops=10 lat_p50_ms=85.5 lat_p95_ms=208.7 lat_p99_ms=362.8
22:42:16 SUM pass<=1 mixed 69632 n=1 noisy=0 mbps_median=780 mbps_min=780 slow_secs_avg=0.0 inflight=218 disk_ratio=1.00 iops=10 lat_p50_ms=93.8 lat_p95_ms=219.2 lat_p99_ms=261.1
22:42:16 SUM pass<=1 mixed 86016 n=1 noisy=0 mbps_median=784 mbps_min=784 slow_secs_avg=0.0 inflight=223 disk_ratio=1.00 iops=10 lat_p50_ms=83.4 lat_p95_ms=233.8 lat_p99_ms=320.9
22:42:16 SUM pass<=1 mixed 94208 n=1 noisy=0 mbps_median=772 mbps_min=772 slow_secs_avg=0.0 inflight=222 disk_ratio=1.00 iops=11 lat_p50_ms=80.2 lat_p95_ms=225.4 lat_p99_ms=278.9
22:42:16 SUM pass<=1 mixed 102400 n=1 noisy=0 mbps_median=785 mbps_min=785 slow_secs_avg=1.0 inflight=222 disk_ratio=1.00 iops=10 lat_p50_ms=99.1 lat_p95_ms=206.6 lat_p99_ms=320.9
22:42:16 SUM pass<=1 mixed 118784 n=1 noisy=0 mbps_median=779 mbps_min=779 slow_secs_avg=0.0 inflight=223 disk_ratio=1.00 iops=10 lat_p50_ms=90.7 lat_p95_ms=223.3 lat_p99_ms=295.7
22:42:16 SUM pass<=1 mixed 126976 n=1 noisy=0 mbps_median=802 mbps_min=802 slow_secs_avg=1.0 inflight=224 disk_ratio=1.00 iops=9 lat_p50_ms=113.8 lat_p95_ms=204.5 lat_p99_ms=287.3
22:42:16 SUM pass<=1 rand 4096 n=1 noisy=0 mbps_median=29 mbps_min=29 slow_secs_avg=0.0 inflight=4 disk_ratio=1.09 iops=446 lat_p50_ms=8.3 lat_p95_ms=18.0 lat_p99_ms=26.6
22:42:16 SUM pass<=1 rand 12288 n=1 noisy=0 mbps_median=26 mbps_min=26 slow_secs_avg=0.0 inflight=4 disk_ratio=1.09 iops=391 lat_p50_ms=8.5 lat_p95_ms=19.3 lat_p99_ms=69.7
22:42:16 SUM pass<=1 rand 36864 n=1 noisy=0 mbps_median=28 mbps_min=28 slow_secs_avg=0.0 inflight=4 disk_ratio=1.11 iops=430 lat_p50_ms=8.4 lat_p95_ms=18.0 lat_p99_ms=27.4
22:42:16 SUM pass<=1 rand 45056 n=1 noisy=0 mbps_median=26 mbps_min=26 slow_secs_avg=0.0 inflight=4 disk_ratio=1.10 iops=397 lat_p50_ms=8.5 lat_p95_ms=18.7 lat_p99_ms=45.4
22:42:16 SUM pass<=1 rand 53248 n=1 noisy=0 mbps_median=28 mbps_min=28 slow_secs_avg=0.0 inflight=4 disk_ratio=1.09 iops=435 lat_p50_ms=8.3 lat_p95_ms=18.0 lat_p99_ms=29.5
22:42:16 SUM pass<=1 rand 61440 n=1 noisy=0 mbps_median=26 mbps_min=26 slow_secs_avg=0.0 inflight=4 disk_ratio=1.09 iops=402 lat_p50_ms=8.5 lat_p95_ms=19.8 lat_p99_ms=48.0
22:42:16 SUM pass<=1 rand 69632 n=1 noisy=0 mbps_median=30 mbps_min=30 slow_secs_avg=0.0 inflight=4 disk_ratio=1.09 iops=452 lat_p50_ms=8.3 lat_p95_ms=17.4 lat_p99_ms=25.0
22:42:16 SUM pass<=1 rand 77824 n=1 noisy=0 mbps_median=27 mbps_min=27 slow_secs_avg=0.0 inflight=4 disk_ratio=1.09 iops=408 lat_p50_ms=8.4 lat_p95_ms=18.7 lat_p99_ms=38.0
22:42:16 SUM pass<=1 rand 86016 n=1 noisy=0 mbps_median=27 mbps_min=27 slow_secs_avg=0.0 inflight=4 disk_ratio=1.10 iops=413 lat_p50_ms=8.4 lat_p95_ms=18.2 lat_p99_ms=40.1
22:42:16 SUM pass<=1 rand 94208 n=1 noisy=0 mbps_median=26 mbps_min=26 slow_secs_avg=0.0 inflight=4 disk_ratio=1.09 iops=401 lat_p50_ms=8.5 lat_p95_ms=19.0 lat_p99_ms=43.3
22:42:16 SUM pass<=1 rand 102400 n=1 noisy=0 mbps_median=27 mbps_min=27 slow_secs_avg=0.0 inflight=4 disk_ratio=1.10 iops=416 lat_p50_ms=8.5 lat_p95_ms=18.0 lat_p99_ms=32.4
22:42:16 SUM pass<=1 rand 110592 n=1 noisy=0 mbps_median=27 mbps_min=27 slow_secs_avg=0.0 inflight=4 disk_ratio=1.10 iops=413 lat_p50_ms=8.5 lat_p95_ms=18.5 lat_p99_ms=34.3
22:42:16 SUM pass<=1 rand 118784 n=1 noisy=0 mbps_median=28 mbps_min=28 slow_secs_avg=0.0 inflight=4 disk_ratio=1.10 iops=426 lat_p50_ms=8.5 lat_p95_ms=18.0 lat_p99_ms=30.5
22:42:16 SUM pass<=1 rand 126976 n=1 noisy=0 mbps_median=29 mbps_min=29 slow_secs_avg=0.0 inflight=4 disk_ratio=1.09 iops=440 lat_p50_ms=8.3 lat_p95_ms=17.4 lat_p99_ms=25.8
22:42:16 SUM pass<=1 rand 131072 n=1 noisy=0 mbps_median=27 mbps_min=27 slow_secs_avg=0.0 inflight=4 disk_ratio=1.09 iops=414 lat_p50_ms=8.5 lat_p95_ms=18.2 lat_p99_ms=31.3
22:42:16 SUM pass<=1 seq 4096 n=1 noisy=0 mbps_median=754 mbps_min=754 slow_secs_avg=1.0 inflight=17 disk_ratio=1.00 iops=0 lat_p50_ms=0.0 lat_p95_ms=0.0 lat_p99_ms=0.0
22:42:16 SUM pass<=1 seq 12288 n=1 noisy=0 mbps_median=793 mbps_min=793 slow_secs_avg=0.0 inflight=45 disk_ratio=1.00 iops=0 lat_p50_ms=0.0 lat_p95_ms=0.0 lat_p99_ms=0.0
22:42:16 SUM pass<=1 seq 20480 n=1 noisy=0 mbps_median=751 mbps_min=751 slow_secs_avg=1.0 inflight=75 disk_ratio=1.00 iops=0 lat_p50_ms=0.0 lat_p95_ms=0.0 lat_p99_ms=0.0
22:42:16 SUM pass<=1 seq 28672 n=1 noisy=0 mbps_median=807 mbps_min=807 slow_secs_avg=0.0 inflight=104 disk_ratio=1.00 iops=0 lat_p50_ms=0.0 lat_p95_ms=0.0 lat_p99_ms=0.0
22:42:16 SUM pass<=1 seq 36864 n=1 noisy=0 mbps_median=779 mbps_min=779 slow_secs_avg=1.0 inflight=140 disk_ratio=1.00 iops=0 lat_p50_ms=0.0 lat_p95_ms=0.0 lat_p99_ms=0.0
22:42:16 SUM pass<=1 seq 45056 n=1 noisy=0 mbps_median=790 mbps_min=790 slow_secs_avg=0.0 inflight=168 disk_ratio=1.00 iops=0 lat_p50_ms=0.0 lat_p95_ms=0.0 lat_p99_ms=0.0
22:42:16 SUM pass<=1 seq 53248 n=1 noisy=0 mbps_median=812 mbps_min=812 slow_secs_avg=1.0 inflight=197 disk_ratio=1.00 iops=0 lat_p50_ms=0.0 lat_p95_ms=0.0 lat_p99_ms=0.0
22:42:16 SUM pass<=1 seq 61440 n=1 noisy=0 mbps_median=832 mbps_min=832 slow_secs_avg=0.0 inflight=201 disk_ratio=1.00 iops=0 lat_p50_ms=0.0 lat_p95_ms=0.0 lat_p99_ms=0.0
22:42:16 SUM pass<=1 seq 69632 n=1 noisy=0 mbps_median=795 mbps_min=795 slow_secs_avg=1.0 inflight=216 disk_ratio=1.00 iops=0 lat_p50_ms=0.0 lat_p95_ms=0.0 lat_p99_ms=0.0
22:42:16 SUM pass<=1 seq 77824 n=1 noisy=0 mbps_median=823 mbps_min=823 slow_secs_avg=0.0 inflight=221 disk_ratio=1.00 iops=0 lat_p50_ms=0.0 lat_p95_ms=0.0 lat_p99_ms=0.0
22:42:16 SUM pass<=1 seq 86016 n=1 noisy=0 mbps_median=793 mbps_min=793 slow_secs_avg=0.0 inflight=221 disk_ratio=1.00 iops=0 lat_p50_ms=0.0 lat_p95_ms=0.0 lat_p99_ms=0.0
22:42:16 SUM pass<=1 seq 94208 n=1 noisy=0 mbps_median=834 mbps_min=834 slow_secs_avg=0.0 inflight=222 disk_ratio=1.00 iops=0 lat_p50_ms=0.0 lat_p95_ms=0.0 lat_p99_ms=0.0
22:42:16 SUM pass<=1 seq 102400 n=1 noisy=0 mbps_median=801 mbps_min=801 slow_secs_avg=0.0 inflight=222 disk_ratio=1.00 iops=0 lat_p50_ms=0.0 lat_p95_ms=0.0 lat_p99_ms=0.0
22:42:16 SUM pass<=1 seq 110592 n=1 noisy=0 mbps_median=810 mbps_min=810 slow_secs_avg=0.0 inflight=223 disk_ratio=1.00 iops=0 lat_p50_ms=0.0 lat_p95_ms=0.0 lat_p99_ms=0.0
22:42:16 SUM pass<=1 seq 118784 n=1 noisy=0 mbps_median=831 mbps_min=831 slow_secs_avg=0.0 inflight=224 disk_ratio=1.00 iops=0 lat_p50_ms=0.0 lat_p95_ms=0.0 lat_p99_ms=0.0
22:42:16 SUM pass<=1 seq 126976 n=1 noisy=0 mbps_median=794 mbps_min=794 slow_secs_avg=0.0 inflight=226 disk_ratio=1.00 iops=0 lat_p50_ms=0.0 lat_p95_ms=0.0 lat_p99_ms=0.0
22:42:16 SUM pass<=1 seq 131072 n=1 noisy=0 mbps_median=840 mbps_min=840 slow_secs_avg=0.0 inflight=221 disk_ratio=1.00 iops=0 lat_p50_ms=0.0 lat_p95_ms=0.0 lat_p99_ms=0.0
22:42:17 WRITER since_start systemd pid=1 mib=548
22:42:17 WRITER since_start influxd pid=4401 mib=194
22:42:17 WRITER since_start btrfs-transaction pid=722 mib=145
22:42:17 WRITER since_start qemu-system-x86 pid=102417 mib=99
22:42:17 WRITER since_start nfsd pid=4135 mib=50
22:42:17 WRITER since_start nfsd pid=4142 mib=46
22:42:17 WRITER since_start nfsd pid=4138 mib=44
22:42:17 WRITER since_start systemd-journal pid=1331677 mib=43
22:42:33 RUN n=69/6120 pass=2 test=rand ra=94208 mbps=27.0 secs=12.0 minsec_mbps=- slow_secs=- inflight=3.8 lat_ms=9.6 fio_mib=309 disk_mib=339 disk_ratio=1.10 other_writes_mib=26.0 streams_min_mbps=- iops=411.6 lat_p50_ms=8.5 lat_p95_ms=18.2 lat_p99_ms=36.4 status=NOISY:writes
22:42:52 RUN n=70/6120 pass=2 test=mixed ra=28672 mbps=685.0 secs=14.6 minsec_mbps=336 slow_secs=1 inflight=114.4 lat_ms=43.7 fio_mib=9542 disk_mib=9549 disk_ratio=1.00 other_writes_mib=32.2 streams_min_mbps=- iops=18.3 lat_p50_ms=41.2 lat_p95_ms=152.0 lat_p99_ms=196.1 status=NOISY:writes
22:43:07 RUN n=71/6120 pass=2 test=rand ra=126976 mbps=27.1 secs=12.0 minsec_mbps=- slow_secs=- inflight=3.8 lat_ms=9.6 fio_mib=310 disk_mib=339 disk_ratio=1.09 other_writes_mib=53.9 streams_min_mbps=- iops=412.8 lat_p50_ms=8.3 lat_p95_ms=18.0 lat_p99_ms=30.0 status=NOISY:writes
22:43:23 RUN n=72/6120 pass=2 test=rand ra=110592 mbps=28.0 secs=12.0 minsec_mbps=- slow_secs=- inflight=3.8 lat_ms=9.2 fio_mib=321 disk_mib=352 disk_ratio=1.10 other_writes_mib=55.7 streams_min_mbps=- iops=427.5 lat_p50_ms=8.5 lat_p95_ms=18.2 lat_p99_ms=31.3 status=NOISY:writes
22:43:40 RUN n=73/6120 pass=2 test=seq ra=69632 mbps=824.7 secs=12.1 minsec_mbps=649 slow_secs=0 inflight=215.3 lat_ms=69.1 fio_mib=9542 disk_mib=9532 disk_ratio=1.00 other_writes_mib=36.3 streams_min_mbps=- iops=- lat_p50_ms=- lat_p95_ms=- lat_p99_ms=- status=NOISY:writes
22:43:57 RUN n=74/6120 pass=2 test=seq ra=110592 mbps=769.8 secs=13.0 minsec_mbps=374 slow_secs=2 inflight=226.7 lat_ms=78.6 fio_mib=9542 disk_mib=9532 disk_ratio=1.00 other_writes_mib=111.0 streams_min_mbps=- iops=- lat_p50_ms=- lat_p95_ms=- lat_p99_ms=- status=NOISY:writes
22:44:15 RUN n=75/6120 pass=2 test=mixed ra=77824 mbps=729.6 secs=13.7 minsec_mbps=411 slow_secs=2 inflight=221.4 lat_ms=80.7 fio_mib=9542 disk_mib=9541 disk_ratio=1.00 other_writes_mib=103.8 streams_min_mbps=- iops=10.0 lat_p50_ms=95.9 lat_p95_ms=223.3 lat_p99_ms=248.5 status=NOISY:writes
22:44:34 RUN n=76/6120 pass=2 test=seq ra=4096 mbps=737.5 secs=13.6 minsec_mbps=267 slow_secs=2 inflight=17.1 lat_ms=6.2 fio_mib=9542 disk_mib=9532 disk_ratio=1.00 other_writes_mib=57.6 streams_min_mbps=- iops=- lat_p50_ms=- lat_p95_ms=- lat_p99_ms=- status=NOISY:writes
22:44:50 RUN n=77/6120 pass=2 test=seq ra=131072 mbps=832.8 secs=12.0 minsec_mbps=707 slow_secs=0 inflight=219.2 lat_ms=70.3 fio_mib=9542 disk_mib=9532 disk_ratio=1.00 other_writes_mib=2.5 streams_min_mbps=- iops=- lat_p50_ms=- lat_p95_ms=- lat_p99_ms=- status=ok
22:45:15 RUN n=78/6120 pass=2 test=conc ra=110592 mbps=632.8 secs=20.4 minsec_mbps=490 slow_secs=6 inflight=250.8 lat_ms=98.6 fio_mib=12288 disk_mib=12533 disk_ratio=1.02 other_writes_mib=12.1 streams_min_mbps=158.2 iops=- lat_p50_ms=- lat_p95_ms=- lat_p99_ms=- status=ok
22:45:31 RUN n=79/6120 pass=2 test=rand ra=69632 mbps=26.9 secs=12.0 minsec_mbps=- slow_secs=- inflight=3.8 lat_ms=9.6 fio_mib=308 disk_mib=338 disk_ratio=1.10 other_writes_mib=4.0 streams_min_mbps=- iops=409.8 lat_p50_ms=8.4 lat_p95_ms=18.0 lat_p99_ms=47.4 status=ok
22:45:48 RUN n=80/6120 pass=2 test=mixed ra=126976 mbps=783.0 secs=12.8 minsec_mbps=661 slow_secs=0 inflight=226.0 lat_ms=76.3 fio_mib=9542 disk_mib=9540 disk_ratio=1.00 other_writes_mib=7.6 streams_min_mbps=- iops=9.8 lat_p50_ms=103.3 lat_p95_ms=196.1 lat_p99_ms=233.8 status=ok
22:46:13 RUN n=81/6120 pass=2 test=conc ra=86016 mbps=650.8 secs=19.8 minsec_mbps=585 slow_secs=1 inflight=251.0 lat_ms=97.3 fio_mib=12288 disk_mib=12378 disk_ratio=1.01 other_writes_mib=28.2 streams_min_mbps=162.7 iops=- lat_p50_ms=- lat_p95_ms=- lat_p99_ms=- status=NOISY:writes
22:46:28 RUN n=82/6120 pass=2 test=rand ra=86016 mbps=29.2 secs=12.0 minsec_mbps=- slow_secs=- inflight=3.8 lat_ms=8.9 fio_mib=334 disk_mib=366 disk_ratio=1.10 other_writes_mib=2.0 streams_min_mbps=- iops=445.3 lat_p50_ms=8.4 lat_p95_ms=17.4 lat_p99_ms=25.8 status=ok
22:46:44 RUN n=83/6120 pass=2 test=rand ra=102400 mbps=29.5 secs=12.0 minsec_mbps=- slow_secs=- inflight=3.8 lat_ms=8.8 fio_mib=338 disk_mib=370 disk_ratio=1.09 other_writes_mib=3.3 streams_min_mbps=- iops=450.2 lat_p50_ms=8.4 lat_p95_ms=17.4 lat_p99_ms=24.8 status=ok
22:47:00 RUN n=84/6120 pass=2 test=seq ra=126976 mbps=839.4 secs=11.9 minsec_mbps=711 slow_secs=0 inflight=222.1 lat_ms=70.1 fio_mib=9542 disk_mib=9532 disk_ratio=1.00 other_writes_mib=4.8 streams_min_mbps=- iops=- lat_p50_ms=- lat_p95_ms=- lat_p99_ms=- status=ok
22:47:17 RUN n=85/6120 pass=2 test=seq ra=118784 mbps=817.0 secs=12.2 minsec_mbps=617 slow_secs=0 inflight=220.4 lat_ms=72.2 fio_mib=9542 disk_mib=9532 disk_ratio=1.00 other_writes_mib=28.6 streams_min_mbps=- iops=- lat_p50_ms=- lat_p95_ms=- lat_p99_ms=- status=NOISY:writes
22:47:34 RUN n=86/6120 pass=2 test=seq ra=94208 mbps=835.0 secs=12.0 minsec_mbps=698 slow_secs=0 inflight=222.7 lat_ms=70.7 fio_mib=9542 disk_mib=9532 disk_ratio=1.00 other_writes_mib=3.8 streams_min_mbps=- iops=- lat_p50_ms=- lat_p95_ms=- lat_p99_ms=- status=ok
22:47:51 RUN n=87/6120 pass=2 test=mixed ra=131072 mbps=787.6 secs=12.7 minsec_mbps=673 slow_secs=0 inflight=219.0 lat_ms=74.4 fio_mib=9542 disk_mib=9540 disk_ratio=1.00 other_writes_mib=8.7 streams_min_mbps=- iops=10.9 lat_p50_ms=80.2 lat_p95_ms=225.4 lat_p99_ms=283.1 status=ok
22:48:20 RUN n=88/6120 pass=2 test=mixed ra=4096 mbps=416.6 secs=24.0 minsec_mbps=198 slow_secs=22 inflight=18.4 lat_ms=11.3 fio_mib=9542 disk_mib=9599 disk_ratio=1.01 other_writes_mib=43.8 streams_min_mbps=- iops=44.5 lat_p50_ms=13.8 lat_p95_ms=57.9 lat_p99_ms=104.3 status=NOISY:writes
22:48:37 RUN n=89/6120 pass=2 test=seq ra=102400 mbps=819.7 secs=12.2 minsec_mbps=694 slow_secs=0 inflight=221.1 lat_ms=72.3 fio_mib=9542 disk_mib=9532 disk_ratio=1.00 other_writes_mib=2.7 streams_min_mbps=- iops=- lat_p50_ms=- lat_p95_ms=- lat_p99_ms=- status=ok
22:48:53 RUN n=90/6120 pass=2 test=seq ra=61440 mbps=826.8 secs=12.1 minsec_mbps=635 slow_secs=0 inflight=208.8 lat_ms=67.1 fio_mib=9542 disk_mib=9532 disk_ratio=1.00 other_writes_mib=3.0 streams_min_mbps=- iops=- lat_p50_ms=- lat_p95_ms=- lat_p99_ms=- status=ok
22:49:17 RUN n=91/6120 pass=2 test=conc ra=53248 mbps=683.9 secs=18.8 minsec_mbps=561 slow_secs=1 inflight=248.2 lat_ms=93.4 fio_mib=12288 disk_mib=12105 disk_ratio=0.99 other_writes_mib=9.0 streams_min_mbps=171.0 iops=- lat_p50_ms=- lat_p95_ms=- lat_p99_ms=- status=ok
22:49:45 RUN n=92/6120 pass=2 test=conc ra=45056 mbps=574.2 secs=22.4 minsec_mbps=64 slow_secs=8 inflight=248.6 lat_ms=112.2 fio_mib=12288 disk_mib=12080 disk_ratio=0.98 other_writes_mib=35.5 streams_min_mbps=143.5 iops=- lat_p50_ms=- lat_p95_ms=- lat_p99_ms=- status=NOISY:writes
22:50:06 RUN n=93/6120 pass=2 test=mixed ra=12288 mbps=594.7 secs=16.8 minsec_mbps=415 slow_secs=6 inflight=50.3 lat_ms=21.9 fio_mib=9542 disk_mib=9562 disk_ratio=1.00 other_writes_mib=13.1 streams_min_mbps=- iops=28.8 lat_p50_ms=23.2 lat_p95_ms=106.4 lat_p99_ms=152.0 status=ok
22:50:35 RUN n=94/6120 pass=2 test=conc ra=61440 mbps=531.8 secs=24.2 minsec_mbps=63 slow_secs=9 inflight=250.1 lat_ms=119.8 fio_mib=12288 disk_mib=12230 disk_ratio=1.00 other_writes_mib=79.7 streams_min_mbps=133.0 iops=- lat_p50_ms=- lat_p95_ms=- lat_p99_ms=- status=NOISY:writes
22:50:53 RUN n=95/6120 pass=2 test=seq ra=45056 mbps=769.7 secs=13.0 minsec_mbps=589 slow_secs=1 inflight=164.2 lat_ms=56.9 fio_mib=9542 disk_mib=9532 disk_ratio=1.00 other_writes_mib=33.9 streams_min_mbps=- iops=- lat_p50_ms=- lat_p95_ms=- lat_p99_ms=- status=NOISY:writes
22:51:35 RUN n=96/6120 pass=2 test=conc ra=94208 mbps=343.6 secs=37.5 minsec_mbps=55 slow_secs=20 inflight=252.7 lat_ms=181.6 fio_mib=12288 disk_mib=12552 disk_ratio=1.02 other_writes_mib=74.3 streams_min_mbps=85.9 iops=- lat_p50_ms=- lat_p95_ms=- lat_p99_ms=- status=NOISY:writes
22:52:04 RUN n=97/6120 pass=2 test=conc ra=20480 mbps=544.6 secs=23.7 minsec_mbps=58 slow_secs=10 inflight=237.9 lat_ms=114.1 fio_mib=12288 disk_mib=11949 disk_ratio=0.97 other_writes_mib=76.9 streams_min_mbps=136.1 iops=- lat_p50_ms=- lat_p95_ms=- lat_p99_ms=- status=NOISY:writes
22:52:20 RUN n=98/6120 pass=2 test=rand ra=77824 mbps=19.8 secs=12.0 minsec_mbps=- slow_secs=- inflight=3.9 lat_ms=13.1 fio_mib=227 disk_mib=250 disk_ratio=1.10 other_writes_mib=106.9 streams_min_mbps=- iops=302.0 lat_p50_ms=8.6 lat_p95_ms=24.0 lat_p99_ms=128.5 status=NOISY:writes
22:52:37 RUN n=99/6120 pass=2 test=mixed ra=102400 mbps=787.6 secs=12.7 minsec_mbps=653 slow_secs=0 inflight=221.6 lat_ms=75.3 fio_mib=9542 disk_mib=9539 disk_ratio=1.00 other_writes_mib=2.4 streams_min_mbps=- iops=9.1 lat_p50_ms=99.1 lat_p95_ms=242.2 lat_p99_ms=283.1 status=ok
22:52:53 RUN n=100/6120 pass=2 test=rand ra=12288 mbps=29.2 secs=12.0 minsec_mbps=- slow_secs=- inflight=3.8 lat_ms=8.9 fio_mib=334 disk_mib=365 disk_ratio=1.09 other_writes_mib=3.1 streams_min_mbps=- iops=444.8 lat_p50_ms=8.4 lat_p95_ms=18.0 lat_p99_ms=26.3 status=ok
22:53:08 RUN n=101/6120 pass=2 test=rand ra=45056 mbps=27.0 secs=12.0 minsec_mbps=- slow_secs=- inflight=3.8 lat_ms=9.6 fio_mib=310 disk_mib=339 disk_ratio=1.10 other_writes_mib=4.9 streams_min_mbps=- iops=412.4 lat_p50_ms=8.5 lat_p95_ms=18.2 lat_p99_ms=33.2 status=ok
22:53:24 RUN n=102/6120 pass=2 test=rand ra=118784 mbps=28.1 secs=12.0 minsec_mbps=- slow_secs=- inflight=3.8 lat_ms=9.2 fio_mib=322 disk_mib=353 disk_ratio=1.10 other_writes_mib=3.3 streams_min_mbps=- iops=428.9 lat_p50_ms=8.4 lat_p95_ms=17.7 lat_p99_ms=26.1 status=ok
22:54:00 RUN n=103/6120 pass=2 test=conc ra=4096 mbps=409.7 secs=31.4 minsec_mbps=337 slow_secs=29 inflight=90.9 lat_ms=58.1 fio_mib=12288 disk_mib=11867 disk_ratio=0.97 other_writes_mib=14.8 streams_min_mbps=102.4 iops=- lat_p50_ms=- lat_p95_ms=- lat_p99_ms=- status=ok
22:54:16 RUN n=104/6120 pass=2 test=rand ra=131072 mbps=26.7 secs=12.0 minsec_mbps=- slow_secs=- inflight=3.8 lat_ms=9.7 fio_mib=306 disk_mib=335 disk_ratio=1.10 other_writes_mib=22.2 streams_min_mbps=- iops=407.4 lat_p50_ms=8.4 lat_p95_ms=18.2 lat_p99_ms=37.5 status=NOISY:writes
22:54:32 RUN n=105/6120 pass=2 test=seq ra=77824 mbps=817.3 secs=12.2 minsec_mbps=612 slow_secs=0 inflight=217.1 lat_ms=70.6 fio_mib=9542 disk_mib=9532 disk_ratio=1.00 other_writes_mib=3.1 streams_min_mbps=- iops=- lat_p50_ms=- lat_p95_ms=- lat_p99_ms=- status=ok
22:54:50 RUN n=106/6120 pass=2 test=mixed ra=86016 mbps=769.5 secs=13.0 minsec_mbps=611 slow_secs=0 inflight=219.6 lat_ms=75.9 fio_mib=9542 disk_mib=9541 disk_ratio=1.00 other_writes_mib=4.2 streams_min_mbps=- iops=10.8 lat_p50_ms=80.2 lat_p95_ms=244.3 lat_p99_ms=316.7 status=ok
22:55:08 RUN n=107/6120 pass=2 test=mixed ra=45056 mbps=748.5 secs=13.4 minsec_mbps=615 slow_secs=0 inflight=175.2 lat_ms=61.3 fio_mib=9542 disk_mib=9542 disk_ratio=1.00 other_writes_mib=4.6 streams_min_mbps=- iops=12.6 lat_p50_ms=62.1 lat_p95_ms=189.8 lat_p99_ms=242.2 status=ok
22:55:25 RUN n=108/6120 pass=2 test=mixed ra=53248 mbps=782.8 secs=12.8 minsec_mbps=634 slow_secs=0 inflight=199.2 lat_ms=67.3 fio_mib=9542 disk_mib=9541 disk_ratio=1.00 other_writes_mib=4.5 streams_min_mbps=- iops=11.3 lat_p50_ms=81.3 lat_p95_ms=219.2 lat_p99_ms=270.5 status=ok
22:55:41 RUN n=109/6120 pass=2 test=rand ra=4096 mbps=28.7 secs=12.0 minsec_mbps=- slow_secs=- inflight=3.8 lat_ms=9.0 fio_mib=329 disk_mib=359 disk_ratio=1.09 other_writes_mib=4.0 streams_min_mbps=- iops=438.1 lat_p50_ms=8.2 lat_p95_ms=17.4 lat_p99_ms=28.2 status=ok
22:56:07 RUN n=110/6120 pass=2 test=conc ra=131072 mbps=624.4 secs=20.6 minsec_mbps=553 slow_secs=2 inflight=249.4 lat_ms=98.2 fio_mib=12288 disk_mib=12830 disk_ratio=1.04 other_writes_mib=6.4 streams_min_mbps=156.1 iops=- lat_p50_ms=- lat_p95_ms=- lat_p99_ms=- status=ok
22:56:24 RUN n=111/6120 pass=2 test=seq ra=20480 mbps=790.4 secs=12.7 minsec_mbps=547 slow_secs=1 inflight=79.4 lat_ms=26.8 fio_mib=9542 disk_mib=9532 disk_ratio=1.00 other_writes_mib=27.9 streams_min_mbps=- iops=- lat_p50_ms=- lat_p95_ms=- lat_p99_ms=- status=NOISY:writes
22:56:41 RUN n=112/6120 pass=2 test=mixed ra=61440 mbps=788.7 secs=12.7 minsec_mbps=545 slow_secs=1 inflight=204.0 lat_ms=69.1 fio_mib=9542 disk_mib=9540 disk_ratio=1.00 other_writes_mib=6.8 streams_min_mbps=- iops=10.7 lat_p50_ms=90.7 lat_p95_ms=208.7 lat_p99_ms=227.5 status=ok
22:57:08 RUN n=113/6120 pass=2 test=conc ra=36864 mbps=592.7 secs=21.7 minsec_mbps=91 slow_secs=9 inflight=248.7 lat_ms=109.0 fio_mib=12288 disk_mib=12034 disk_ratio=0.98 other_writes_mib=60.9 streams_min_mbps=148.2 iops=- lat_p50_ms=- lat_p95_ms=- lat_p99_ms=- status=NOISY:writes
22:57:27 RUN n=114/6120 pass=2 test=mixed ra=94208 mbps=710.3 secs=14.1 minsec_mbps=333 slow_secs=2 inflight=222.9 lat_ms=82.4 fio_mib=9542 disk_mib=9541 disk_ratio=1.00 other_writes_mib=76.1 streams_min_mbps=- iops=10.1 lat_p50_ms=84.4 lat_p95_ms=235.9 lat_p99_ms=329.3 status=NOISY:writes
22:57:44 RUN n=115/6120 pass=2 test=seq ra=28672 mbps=781.5 secs=12.8 minsec_mbps=686 slow_secs=0 inflight=110.0 lat_ms=37.4 fio_mib=9542 disk_mib=9532 disk_ratio=1.00 other_writes_mib=4.4 streams_min_mbps=- iops=- lat_p50_ms=- lat_p95_ms=- lat_p99_ms=- status=ok
22:58:09 RUN n=116/6120 pass=2 test=conc ra=28672 mbps=640.3 secs=20.1 minsec_mbps=342 slow_secs=6 inflight=247.2 lat_ms=99.9 fio_mib=12288 disk_mib=12003 disk_ratio=0.98 other_writes_mib=11.8 streams_min_mbps=160.1 iops=- lat_p50_ms=- lat_p95_ms=- lat_p99_ms=- status=ok
22:58:26 RUN n=117/6120 pass=2 test=mixed ra=110592 mbps=778.7 secs=12.8 minsec_mbps=539 slow_secs=1 inflight=226.8 lat_ms=76.6 fio_mib=9542 disk_mib=9539 disk_ratio=1.00 other_writes_mib=47.7 streams_min_mbps=- iops=8.9 lat_p50_ms=101.2 lat_p95_ms=265.3 lat_p99_ms=358.6 status=NOISY:writes
22:58:43 RUN n=118/6120 pass=2 test=seq ra=86016 mbps=801.5 secs=12.5 minsec_mbps=658 slow_secs=0 inflight=221.5 lat_ms=73.2 fio_mib=9542 disk_mib=9532 disk_ratio=1.00 other_writes_mib=5.1 streams_min_mbps=- iops=- lat_p50_ms=- lat_p95_ms=- lat_p99_ms=- status=ok
22:59:12 RUN n=119/6120 pass=2 test=conc ra=12288 mbps=540.2 secs=23.9 minsec_mbps=460 slow_secs=22 inflight=211.0 lat_ms=102.2 fio_mib=12288 disk_mib=11919 disk_ratio=0.97 other_writes_mib=7.6 streams_min_mbps=135.1 iops=- lat_p50_ms=- lat_p95_ms=- lat_p99_ms=- status=ok
22:59:29 RUN n=120/6120 pass=2 test=mixed ra=118784 mbps=800.2 secs=12.5 minsec_mbps=670 slow_secs=0 inflight=218.3 lat_ms=72.4 fio_mib=9542 disk_mib=9540 disk_ratio=1.00 other_writes_mib=3.8 streams_min_mbps=- iops=9.9 lat_p50_ms=98.0 lat_p95_ms=208.7 lat_p99_ms=246.4 status=ok
23:00:10 RUN n=121/6120 pass=2 test=conc ra=118784 mbps=355.9 secs=36.2 minsec_mbps=68 slow_secs=23 inflight=252.4 lat_ms=175.1 fio_mib=12288 disk_mib=12559 disk_ratio=1.02 other_writes_mib=117.6 streams_min_mbps=89.0 iops=- lat_p50_ms=- lat_p95_ms=- lat_p99_ms=- status=NOISY:writes
23:00:30 RUN n=122/6120 pass=2 test=mixed ra=36864 mbps=662.3 secs=15.1 minsec_mbps=341 slow_secs=3 inflight=145.1 lat_ms=57.5 fio_mib=9542 disk_mib=9544 disk_ratio=1.00 other_writes_mib=117.6 streams_min_mbps=- iops=13.0 lat_p50_ms=65.8 lat_p95_ms=185.6 lat_p99_ms=312.5 status=NOISY:writes
23:01:01 RUN n=123/6120 pass=2 test=conc ra=126976 mbps=496.6 secs=25.9 minsec_mbps=74 slow_secs=12 inflight=250.7 lat_ms=126.6 fio_mib=12288 disk_mib=12405 disk_ratio=1.01 other_writes_mib=16.0 streams_min_mbps=124.2 iops=- lat_p50_ms=- lat_p95_ms=- lat_p99_ms=- status=ok
23:01:25 RUN n=124/6120 pass=2 test=conc ra=69632 mbps=664.0 secs=19.4 minsec_mbps=499 slow_secs=3 inflight=248.5 lat_ms=96.0 fio_mib=12288 disk_mib=12257 disk_ratio=1.00 other_writes_mib=11.9 streams_min_mbps=166.0 iops=- lat_p50_ms=- lat_p95_ms=- lat_p99_ms=- status=ok
23:01:43 RUN n=125/6120 pass=2 test=seq ra=12288 mbps=758.0 secs=13.2 minsec_mbps=579 slow_secs=1 inflight=45.1 lat_ms=15.9 fio_mib=9542 disk_mib=9532 disk_ratio=1.00 other_writes_mib=7.8 streams_min_mbps=- iops=- lat_p50_ms=- lat_p95_ms=- lat_p99_ms=- status=ok
23:01:59 RUN n=126/6120 pass=2 test=rand ra=53248 mbps=25.0 secs=12.0 minsec_mbps=- slow_secs=- inflight=3.8 lat_ms=10.4 fio_mib=286 disk_mib=314 disk_ratio=1.10 other_writes_mib=5.1 streams_min_mbps=- iops=381.5 lat_p50_ms=8.5 lat_p95_ms=19.0 lat_p99_ms=86.5 status=ok
23:02:14 RUN n=127/6120 pass=2 test=rand ra=36864 mbps=27.6 secs=12.0 minsec_mbps=- slow_secs=- inflight=3.8 lat_ms=9.4 fio_mib=316 disk_mib=347 disk_ratio=1.10 other_writes_mib=5.8 streams_min_mbps=- iops=421.1 lat_p50_ms=8.5 lat_p95_ms=18.0 lat_p99_ms=33.2 status=ok
23:02:38 RUN n=128/6120 pass=2 test=conc ra=77824 mbps=669.0 secs=19.3 minsec_mbps=557 slow_secs=3 inflight=250.4 lat_ms=95.8 fio_mib=12288 disk_mib=12205 disk_ratio=0.99 other_writes_mib=7.7 streams_min_mbps=167.3 iops=- lat_p50_ms=- lat_p95_ms=- lat_p99_ms=- status=ok
23:02:56 RUN n=129/6120 pass=2 test=mixed ra=69632 mbps=775.7 secs=12.9 minsec_mbps=670 slow_secs=0 inflight=216.5 lat_ms=73.9 fio_mib=9542 disk_mib=9540 disk_ratio=1.00 other_writes_mib=3.6 streams_min_mbps=- iops=10.1 lat_p50_ms=93.8 lat_p95_ms=238.0 lat_p99_ms=278.9 status=ok
23:03:11 RUN n=130/6120 pass=2 test=rand ra=28672 mbps=27.2 secs=12.0 minsec_mbps=- slow_secs=- inflight=3.8 lat_ms=9.5 fio_mib=311 disk_mib=341 disk_ratio=1.09 other_writes_mib=6.8 streams_min_mbps=- iops=414.9 lat_p50_ms=8.4 lat_p95_ms=18.5 lat_p99_ms=32.9 status=ok
23:03:29 RUN n=131/6120 pass=2 test=seq ra=53248 mbps=790.4 secs=12.7 minsec_mbps=634 slow_secs=0 inflight=192.0 lat_ms=64.9 fio_mib=9542 disk_mib=9532 disk_ratio=1.00 other_writes_mib=5.3 streams_min_mbps=- iops=- lat_p50_ms=- lat_p95_ms=- lat_p99_ms=- status=ok
23:03:48 RUN n=132/6120 pass=2 test=mixed ra=20480 mbps=671.2 secs=14.9 minsec_mbps=446 slow_secs=2 inflight=81.6 lat_ms=31.7 fio_mib=9542 disk_mib=9551 disk_ratio=1.00 other_writes_mib=6.6 streams_min_mbps=- iops=20.7 lat_p50_ms=34.9 lat_p95_ms=137.4 lat_p99_ms=170.9 status=ok
23:04:06 RUN n=133/6120 pass=2 test=seq ra=36864 mbps=756.2 secs=13.2 minsec_mbps=629 slow_secs=0 inflight=140.7 lat_ms=49.3 fio_mib=9542 disk_mib=9532 disk_ratio=1.00 other_writes_mib=6.3 streams_min_mbps=- iops=- lat_p50_ms=- lat_p95_ms=- lat_p99_ms=- status=ok
23:05:30 RUN n=134/6120 pass=2 test=conc ra=102400 mbps=164.6 secs=78.3 minsec_mbps=33 slow_secs=70 inflight=254.2 lat_ms=380.7 fio_mib=12288 disk_mib=12440 disk_ratio=1.01 other_writes_mib=137.8 streams_min_mbps=41.2 iops=- lat_p50_ms=- lat_p95_ms=- lat_p99_ms=- status=NOISY:writes
23:05:45 RUN n=135/6120 pass=2 test=rand ra=20480 mbps=13.3 secs=12.0 minsec_mbps=- slow_secs=- inflight=3.8 lat_ms=19.5 fio_mib=153 disk_mib=167 disk_ratio=1.10 other_writes_mib=4.0 streams_min_mbps=- iops=203.5 lat_p50_ms=9.2 lat_p95_ms=100.1 lat_p99_ms=128.5 status=ok
23:06:01 RUN n=136/6120 pass=2 test=rand ra=61440 mbps=21.8 secs=12.0 minsec_mbps=- slow_secs=- inflight=3.8 lat_ms=11.9 fio_mib=249 disk_mib=274 disk_ratio=1.10 other_writes_mib=7.8 streams_min_mbps=- iops=332.3 lat_p50_ms=8.6 lat_p95_ms=22.9 lat_p99_ms=108.5 status=ok
23:06:01 # SUMMARY after pass 2 (status=ok only; noisy = runs left out because of concurrent writes). mbps: median/min over passes; slow = avg slow seconds; iops + lat = medians (rand: its own reads, mixed: the disturber)
23:06:01 SUM pass<=2 conc 4096 n=2 noisy=0 mbps_median=403 mbps_min=397 slow_secs_avg=29.5 inflight=91 disk_ratio=0.97 iops=0 lat_p50_ms=0.0 lat_p95_ms=0.0 lat_p99_ms=0.0
23:06:01 SUM pass<=2 conc 12288 n=1 noisy=1 mbps_median=540 mbps_min=540 slow_secs_avg=22.0 inflight=211 disk_ratio=0.97 iops=0 lat_p50_ms=0.0 lat_p95_ms=0.0 lat_p99_ms=0.0
23:06:01 SUM pass<=2 conc 20480 n=1 noisy=1 mbps_median=657 mbps_min=657 slow_secs_avg=4.0 inflight=241 disk_ratio=0.97 iops=0 lat_p50_ms=0.0 lat_p95_ms=0.0 lat_p99_ms=0.0
23:06:01 SUM pass<=2 conc 28672 n=2 noisy=0 mbps_median=654 mbps_min=640 slow_secs_avg=5.0 inflight=248 disk_ratio=0.98 iops=0 lat_p50_ms=0.0 lat_p95_ms=0.0 lat_p99_ms=0.0
23:06:01 SUM pass<=2 conc 36864 n=1 noisy=1 mbps_median=665 mbps_min=665 slow_secs_avg=5.0 inflight=249 disk_ratio=0.98 iops=0 lat_p50_ms=0.0 lat_p95_ms=0.0 lat_p99_ms=0.0
23:06:01 SUM pass<=2 conc 45056 n=1 noisy=1 mbps_median=674 mbps_min=674 slow_secs_avg=3.0 inflight=250 disk_ratio=0.98 iops=0 lat_p50_ms=0.0 lat_p95_ms=0.0 lat_p99_ms=0.0
23:06:01 SUM pass<=2 conc 53248 n=2 noisy=0 mbps_median=685 mbps_min=684 slow_secs_avg=1.5 inflight=249 disk_ratio=0.99 iops=0 lat_p50_ms=0.0 lat_p95_ms=0.0 lat_p99_ms=0.0
23:06:01 SUM pass<=2 conc 61440 n=1 noisy=1 mbps_median=674 mbps_min=674 slow_secs_avg=2.0 inflight=250 disk_ratio=0.99 iops=0 lat_p50_ms=0.0 lat_p95_ms=0.0 lat_p99_ms=0.0
23:06:01 SUM pass<=2 conc 69632 n=1 noisy=1 mbps_median=664 mbps_min=664 slow_secs_avg=3.0 inflight=248 disk_ratio=1.00 iops=0 lat_p50_ms=0.0 lat_p95_ms=0.0 lat_p99_ms=0.0
23:06:01 SUM pass<=2 conc 77824 n=1 noisy=1 mbps_median=669 mbps_min=669 slow_secs_avg=3.0 inflight=250 disk_ratio=0.99 iops=0 lat_p50_ms=0.0 lat_p95_ms=0.0 lat_p99_ms=0.0
23:06:01 SUM pass<=2 conc 86016 n=1 noisy=1 mbps_median=540 mbps_min=540 slow_secs_avg=12.0 inflight=250 disk_ratio=1.01 iops=0 lat_p50_ms=0.0 lat_p95_ms=0.0 lat_p99_ms=0.0
23:06:01 SUM pass<=2 conc 102400 n=1 noisy=1 mbps_median=661 mbps_min=661 slow_secs_avg=2.0 inflight=249 disk_ratio=1.01 iops=0 lat_p50_ms=0.0 lat_p95_ms=0.0 lat_p99_ms=0.0
23:06:01 SUM pass<=2 conc 110592 n=2 noisy=0 mbps_median=642 mbps_min=633 slow_secs_avg=5.0 inflight=251 disk_ratio=1.02 iops=0 lat_p50_ms=0.0 lat_p95_ms=0.0 lat_p99_ms=0.0
23:06:01 SUM pass<=2 conc 118784 n=1 noisy=1 mbps_median=567 mbps_min=567 slow_secs_avg=6.0 inflight=251 disk_ratio=1.02 iops=0 lat_p50_ms=0.0 lat_p95_ms=0.0 lat_p99_ms=0.0
23:06:01 SUM pass<=2 conc 126976 n=2 noisy=0 mbps_median=538 mbps_min=497 slow_secs_avg=8.0 inflight=250 disk_ratio=1.01 iops=0 lat_p50_ms=0.0 lat_p95_ms=0.0 lat_p99_ms=0.0
23:06:01 SUM pass<=2 conc 131072 n=1 noisy=1 mbps_median=624 mbps_min=624 slow_secs_avg=2.0 inflight=249 disk_ratio=1.04 iops=0 lat_p50_ms=0.0 lat_p95_ms=0.0 lat_p99_ms=0.0
23:06:01 SUM pass<=2 mixed 4096 n=1 noisy=1 mbps_median=405 mbps_min=405 slow_secs_avg=23.0 inflight=18 disk_ratio=1.01 iops=47 lat_p50_ms=14.6 lat_p95_ms=56.4 lat_p99_ms=94.9
23:06:01 SUM pass<=2 mixed 12288 n=2 noisy=0 mbps_median=618 mbps_min=595 slow_secs_avg=4.5 inflight=50 disk_ratio=1.00 iops=28 lat_p50_ms=23.0 lat_p95_ms=109.1 lat_p99_ms=161.4
23:06:01 SUM pass<=2 mixed 20480 n=2 noisy=0 mbps_median=675 mbps_min=671 slow_secs_avg=2.0 inflight=83 disk_ratio=1.00 iops=21 lat_p50_ms=33.4 lat_p95_ms=142.6 lat_p99_ms=180.4
23:06:01 SUM pass<=2 mixed 28672 n=1 noisy=1 mbps_median=713 mbps_min=713 slow_secs_avg=2.0 inflight=111 disk_ratio=1.00 iops=18 lat_p50_ms=39.1 lat_p95_ms=152.0 lat_p99_ms=210.8
23:06:01 SUM pass<=2 mixed 36864 n=1 noisy=1 mbps_median=740 mbps_min=740 slow_secs_avg=1.0 inflight=143 disk_ratio=1.00 iops=15 lat_p50_ms=51.6 lat_p95_ms=183.5 lat_p99_ms=240.1
23:06:01 SUM pass<=2 mixed 45056 n=2 noisy=0 mbps_median=745 mbps_min=741 slow_secs_avg=0.0 inflight=170 disk_ratio=1.00 iops=13 lat_p50_ms=60.5 lat_p95_ms=199.2 lat_p99_ms=245.3
23:06:01 SUM pass<=2 mixed 53248 n=1 noisy=1 mbps_median=783 mbps_min=783 slow_secs_avg=0.0 inflight=199 disk_ratio=1.00 iops=11 lat_p50_ms=81.3 lat_p95_ms=219.2 lat_p99_ms=270.5
23:06:01 SUM pass<=2 mixed 61440 n=2 noisy=0 mbps_median=789 mbps_min=789 slow_secs_avg=0.5 inflight=207 disk_ratio=1.00 iops=10 lat_p50_ms=88.1 lat_p95_ms=208.7 lat_p99_ms=295.1
23:06:01 SUM pass<=2 mixed 69632 n=2 noisy=0 mbps_median=778 mbps_min=776 slow_secs_avg=0.0 inflight=217 disk_ratio=1.00 iops=10 lat_p50_ms=93.8 lat_p95_ms=228.6 lat_p99_ms=270.0
23:06:01 SUM pass<=2 mixed 86016 n=2 noisy=0 mbps_median=777 mbps_min=770 slow_secs_avg=0.0 inflight=222 disk_ratio=1.00 iops=11 lat_p50_ms=81.8 lat_p95_ms=239.1 lat_p99_ms=318.8
23:06:01 SUM pass<=2 mixed 94208 n=1 noisy=1 mbps_median=772 mbps_min=772 slow_secs_avg=0.0 inflight=222 disk_ratio=1.00 iops=11 lat_p50_ms=80.2 lat_p95_ms=225.4 lat_p99_ms=278.9
23:06:01 SUM pass<=2 mixed 102400 n=2 noisy=0 mbps_median=786 mbps_min=785 slow_secs_avg=0.5 inflight=222 disk_ratio=1.00 iops=9 lat_p50_ms=99.1 lat_p95_ms=224.4 lat_p99_ms=302.0
23:06:01 SUM pass<=2 mixed 118784 n=2 noisy=0 mbps_median=790 mbps_min=779 slow_secs_avg=0.0 inflight=221 disk_ratio=1.00 iops=10 lat_p50_ms=94.3 lat_p95_ms=216.0 lat_p99_ms=271.1
23:06:01 SUM pass<=2 mixed 126976 n=2 noisy=0 mbps_median=793 mbps_min=783 slow_secs_avg=0.5 inflight=225 disk_ratio=1.00 iops=9 lat_p50_ms=108.5 lat_p95_ms=200.3 lat_p99_ms=260.6
23:06:01 SUM pass<=2 mixed 131072 n=1 noisy=1 mbps_median=788 mbps_min=788 slow_secs_avg=0.0 inflight=219 disk_ratio=1.00 iops=11 lat_p50_ms=80.2 lat_p95_ms=225.4 lat_p99_ms=283.1
23:06:01 SUM pass<=2 rand 4096 n=2 noisy=0 mbps_median=29 mbps_min=29 slow_secs_avg=0.0 inflight=4 disk_ratio=1.09 iops=442 lat_p50_ms=8.2 lat_p95_ms=17.7 lat_p99_ms=27.4
23:06:01 SUM pass<=2 rand 12288 n=2 noisy=0 mbps_median=27 mbps_min=26 slow_secs_avg=0.0 inflight=4 disk_ratio=1.09 iops=418 lat_p50_ms=8.4 lat_p95_ms=18.6 lat_p99_ms=48.0
23:06:01 SUM pass<=2 rand 20480 n=1 noisy=1 mbps_median=13 mbps_min=13 slow_secs_avg=0.0 inflight=4 disk_ratio=1.10 iops=204 lat_p50_ms=9.2 lat_p95_ms=100.1 lat_p99_ms=128.5
23:06:01 SUM pass<=2 rand 28672 n=1 noisy=1 mbps_median=27 mbps_min=27 slow_secs_avg=0.0 inflight=4 disk_ratio=1.09 iops=415 lat_p50_ms=8.4 lat_p95_ms=18.5 lat_p99_ms=32.9
23:06:01 SUM pass<=2 rand 36864 n=2 noisy=0 mbps_median=28 mbps_min=28 slow_secs_avg=0.0 inflight=4 disk_ratio=1.10 iops=425 lat_p50_ms=8.4 lat_p95_ms=18.0 lat_p99_ms=30.3
23:06:01 SUM pass<=2 rand 45056 n=2 noisy=0 mbps_median=26 mbps_min=26 slow_secs_avg=0.0 inflight=4 disk_ratio=1.10 iops=405 lat_p50_ms=8.5 lat_p95_ms=18.4 lat_p99_ms=39.3
23:06:01 SUM pass<=2 rand 53248 n=2 noisy=0 mbps_median=27 mbps_min=25 slow_secs_avg=0.0 inflight=4 disk_ratio=1.10 iops=408 lat_p50_ms=8.4 lat_p95_ms=18.5 lat_p99_ms=58.0
23:06:01 SUM pass<=2 rand 61440 n=2 noisy=0 mbps_median=24 mbps_min=22 slow_secs_avg=0.0 inflight=4 disk_ratio=1.10 iops=367 lat_p50_ms=8.6 lat_p95_ms=21.4 lat_p99_ms=78.2
23:06:01 SUM pass<=2 rand 69632 n=2 noisy=0 mbps_median=28 mbps_min=27 slow_secs_avg=0.0 inflight=4 disk_ratio=1.10 iops=431 lat_p50_ms=8.4 lat_p95_ms=17.7 lat_p99_ms=36.2
23:06:01 SUM pass<=2 rand 77824 n=1 noisy=1 mbps_median=27 mbps_min=27 slow_secs_avg=0.0 inflight=4 disk_ratio=1.09 iops=408 lat_p50_ms=8.4 lat_p95_ms=18.7 lat_p99_ms=38.0
23:06:01 SUM pass<=2 rand 86016 n=2 noisy=0 mbps_median=28 mbps_min=27 slow_secs_avg=0.0 inflight=4 disk_ratio=1.10 iops=429 lat_p50_ms=8.4 lat_p95_ms=17.8 lat_p99_ms=33.0
23:06:01 SUM pass<=2 rand 94208 n=1 noisy=1 mbps_median=26 mbps_min=26 slow_secs_avg=0.0 inflight=4 disk_ratio=1.09 iops=401 lat_p50_ms=8.5 lat_p95_ms=19.0 lat_p99_ms=43.3
23:06:01 SUM pass<=2 rand 102400 n=2 noisy=0 mbps_median=28 mbps_min=27 slow_secs_avg=0.0 inflight=4 disk_ratio=1.10 iops=433 lat_p50_ms=8.4 lat_p95_ms=17.7 lat_p99_ms=28.6
23:06:01 SUM pass<=2 rand 110592 n=1 noisy=1 mbps_median=27 mbps_min=27 slow_secs_avg=0.0 inflight=4 disk_ratio=1.10 iops=413 lat_p50_ms=8.5 lat_p95_ms=18.5 lat_p99_ms=34.3
23:06:01 SUM pass<=2 rand 118784 n=2 noisy=0 mbps_median=28 mbps_min=28 slow_secs_avg=0.0 inflight=4 disk_ratio=1.10 iops=427 lat_p50_ms=8.4 lat_p95_ms=17.9 lat_p99_ms=28.3
23:06:01 SUM pass<=2 rand 126976 n=1 noisy=1 mbps_median=29 mbps_min=29 slow_secs_avg=0.0 inflight=4 disk_ratio=1.09 iops=440 lat_p50_ms=8.3 lat_p95_ms=17.4 lat_p99_ms=25.8
23:06:01 SUM pass<=2 rand 131072 n=1 noisy=1 mbps_median=27 mbps_min=27 slow_secs_avg=0.0 inflight=4 disk_ratio=1.09 iops=414 lat_p50_ms=8.5 lat_p95_ms=18.2 lat_p99_ms=31.3
23:06:01 SUM pass<=2 seq 4096 n=1 noisy=1 mbps_median=754 mbps_min=754 slow_secs_avg=1.0 inflight=17 disk_ratio=1.00 iops=0 lat_p50_ms=0.0 lat_p95_ms=0.0 lat_p99_ms=0.0
23:06:01 SUM pass<=2 seq 12288 n=2 noisy=0 mbps_median=775 mbps_min=758 slow_secs_avg=0.5 inflight=45 disk_ratio=1.00 iops=0 lat_p50_ms=0.0 lat_p95_ms=0.0 lat_p99_ms=0.0
23:06:01 SUM pass<=2 seq 20480 n=1 noisy=1 mbps_median=751 mbps_min=751 slow_secs_avg=1.0 inflight=75 disk_ratio=1.00 iops=0 lat_p50_ms=0.0 lat_p95_ms=0.0 lat_p99_ms=0.0
23:06:01 SUM pass<=2 seq 28672 n=2 noisy=0 mbps_median=794 mbps_min=782 slow_secs_avg=0.0 inflight=107 disk_ratio=1.00 iops=0 lat_p50_ms=0.0 lat_p95_ms=0.0 lat_p99_ms=0.0
23:06:01 SUM pass<=2 seq 36864 n=2 noisy=0 mbps_median=768 mbps_min=756 slow_secs_avg=0.5 inflight=140 disk_ratio=1.00 iops=0 lat_p50_ms=0.0 lat_p95_ms=0.0 lat_p99_ms=0.0
23:06:01 SUM pass<=2 seq 45056 n=1 noisy=1 mbps_median=790 mbps_min=790 slow_secs_avg=0.0 inflight=168 disk_ratio=1.00 iops=0 lat_p50_ms=0.0 lat_p95_ms=0.0 lat_p99_ms=0.0
23:06:01 SUM pass<=2 seq 53248 n=2 noisy=0 mbps_median=801 mbps_min=790 slow_secs_avg=0.5 inflight=194 disk_ratio=1.00 iops=0 lat_p50_ms=0.0 lat_p95_ms=0.0 lat_p99_ms=0.0
23:06:01 SUM pass<=2 seq 61440 n=2 noisy=0 mbps_median=830 mbps_min=827 slow_secs_avg=0.0 inflight=205 disk_ratio=1.00 iops=0 lat_p50_ms=0.0 lat_p95_ms=0.0 lat_p99_ms=0.0
23:06:01 SUM pass<=2 seq 69632 n=1 noisy=1 mbps_median=795 mbps_min=795 slow_secs_avg=1.0 inflight=216 disk_ratio=1.00 iops=0 lat_p50_ms=0.0 lat_p95_ms=0.0 lat_p99_ms=0.0
23:06:01 SUM pass<=2 seq 77824 n=2 noisy=0 mbps_median=820 mbps_min=817 slow_secs_avg=0.0 inflight=219 disk_ratio=1.00 iops=0 lat_p50_ms=0.0 lat_p95_ms=0.0 lat_p99_ms=0.0
23:06:01 SUM pass<=2 seq 86016 n=2 noisy=0 mbps_median=797 mbps_min=793 slow_secs_avg=0.0 inflight=221 disk_ratio=1.00 iops=0 lat_p50_ms=0.0 lat_p95_ms=0.0 lat_p99_ms=0.0
23:06:01 SUM pass<=2 seq 94208 n=2 noisy=0 mbps_median=834 mbps_min=834 slow_secs_avg=0.0 inflight=222 disk_ratio=1.00 iops=0 lat_p50_ms=0.0 lat_p95_ms=0.0 lat_p99_ms=0.0
23:06:01 SUM pass<=2 seq 102400 n=2 noisy=0 mbps_median=810 mbps_min=801 slow_secs_avg=0.0 inflight=222 disk_ratio=1.00 iops=0 lat_p50_ms=0.0 lat_p95_ms=0.0 lat_p99_ms=0.0
23:06:01 SUM pass<=2 seq 110592 n=1 noisy=1 mbps_median=810 mbps_min=810 slow_secs_avg=0.0 inflight=223 disk_ratio=1.00 iops=0 lat_p50_ms=0.0 lat_p95_ms=0.0 lat_p99_ms=0.0
23:06:01 SUM pass<=2 seq 118784 n=1 noisy=1 mbps_median=831 mbps_min=831 slow_secs_avg=0.0 inflight=224 disk_ratio=1.00 iops=0 lat_p50_ms=0.0 lat_p95_ms=0.0 lat_p99_ms=0.0
23:06:01 SUM pass<=2 seq 126976 n=2 noisy=0 mbps_median=817 mbps_min=794 slow_secs_avg=0.0 inflight=224 disk_ratio=1.00 iops=0 lat_p50_ms=0.0 lat_p95_ms=0.0 lat_p99_ms=0.0
23:06:01 SUM pass<=2 seq 131072 n=2 noisy=0 mbps_median=836 mbps_min=833 slow_secs_avg=0.0 inflight=220 disk_ratio=1.00 iops=0 lat_p50_ms=0.0 lat_p95_ms=0.0 lat_p99_ms=0.0
23:06:02 WRITER since_start systemd pid=1 mib=1140
23:06:02 WRITER since_start influxd pid=4401 mib=419
23:06:02 WRITER since_start btrfs-transaction pid=722 mib=401
23:06:02 WRITER since_start nfsd pid=4146 mib=281
23:06:02 WRITER since_start qemu-system-x86 pid=102417 mib=240
23:06:02 WRITER since_start nfsd pid=4141 mib=239
23:06:02 WRITER since_start nfsd pid=4135 mib=229
23:06:02 WRITER since_start nfsd pid=4133 mib=226
23:06:18 RUN n=137/6120 pass=3 test=rand ra=69632 mbps=23.1 secs=12.0 minsec_mbps=- slow_secs=- inflight=3.8 lat_ms=11.2 fio_mib=265 disk_mib=291 disk_ratio=1.10 other_writes_mib=4.0 streams_min_mbps=- iops=353.0 lat_p50_ms=8.6 lat_p95_ms=21.4 lat_p99_ms=102.2 status=ok
23:06:34 RUN n=138/6120 pass=3 test=rand ra=131072 mbps=18.9 secs=12.6 minsec_mbps=- slow_secs=- inflight=3.8 lat_ms=13.6 fio_mib=227 disk_mib=247 disk_ratio=1.09 other_writes_mib=78.9 streams_min_mbps=- iops=287.8 lat_p50_ms=8.6 lat_p95_ms=20.3 lat_p99_ms=274.7 status=NOISY:writes
23:06:49 RUN n=139/6120 pass=3 test=rand ra=110592 mbps=16.9 secs=12.0 minsec_mbps=- slow_secs=- inflight=3.8 lat_ms=15.4 fio_mib=194 disk_mib=213 disk_ratio=1.10 other_writes_mib=2.6 streams_min_mbps=- iops=258.5 lat_p50_ms=9.0 lat_p95_ms=69.7 lat_p99_ms=123.2 status=ok
23:07:07 RUN n=140/6120 pass=3 test=mixed ra=102400 mbps=784.8 secs=12.7 minsec_mbps=557 slow_secs=1 inflight=226.6 lat_ms=76.5 fio_mib=9542 disk_mib=9539 disk_ratio=1.00 other_writes_mib=2.6 streams_min_mbps=- iops=8.8 lat_p50_ms=120.1 lat_p95_ms=223.3 lat_p99_ms=254.8 status=ok
23:07:35 RUN n=141/6120 pass=3 test=conc ra=53248 mbps=558.9 secs=23.1 minsec_mbps=62 slow_secs=9 inflight=251.6 lat_ms=115.8 fio_mib=12288 disk_mib=12112 disk_ratio=0.99 other_writes_mib=8.0 streams_min_mbps=139.7 iops=- lat_p50_ms=- lat_p95_ms=- lat_p99_ms=- status=ok
23:07:55 RUN n=142/6120 pass=3 test=seq ra=4096 mbps=636.9 secs=15.7 minsec_mbps=344 slow_secs=6 inflight=17.7 lat_ms=7.3 fio_mib=9542 disk_mib=9535 disk_ratio=1.00 other_writes_mib=7.4 streams_min_mbps=- iops=- lat_p50_ms=- lat_p95_ms=- lat_p99_ms=- status=ok
23:08:11 RUN n=143/6120 pass=3 test=rand ra=102400 mbps=23.3 secs=12.0 minsec_mbps=- slow_secs=- inflight=3.8 lat_ms=11.1 fio_mib=267 disk_mib=294 disk_ratio=1.10 other_writes_mib=4.1 streams_min_mbps=- iops=356.3 lat_p50_ms=8.6 lat_p95_ms=21.9 lat_p99_ms=104.3 status=ok
23:08:28 RUN n=144/6120 pass=3 test=seq ra=36864 mbps=749.5 secs=13.3 minsec_mbps=562 slow_secs=1 inflight=142.8 lat_ms=50.3 fio_mib=9542 disk_mib=9532 disk_ratio=1.00 other_writes_mib=5.6 streams_min_mbps=- iops=- lat_p50_ms=- lat_p95_ms=- lat_p99_ms=- status=ok
23:08:44 RUN n=145/6120 pass=3 test=rand ra=20480 mbps=18.3 secs=12.0 minsec_mbps=- slow_secs=- inflight=3.8 lat_ms=14.2 fio_mib=210 disk_mib=230 disk_ratio=1.09 other_writes_mib=40.9 streams_min_mbps=- iops=280.0 lat_p50_ms=8.6 lat_p95_ms=27.9 lat_p99_ms=143.7 status=NOISY:writes
23:09:02 RUN n=146/6120 pass=3 test=mixed ra=118784 mbps=748.7 secs=13.4 minsec_mbps=574 slow_secs=1 inflight=222.5 lat_ms=77.8 fio_mib=9542 disk_mib=9540 disk_ratio=1.00 other_writes_mib=5.2 streams_min_mbps=- iops=9.9 lat_p50_ms=94.9 lat_p95_ms=221.2 lat_p99_ms=283.1 status=ok
23:09:27 RUN n=147/6120 pass=3 test=conc ra=36864 mbps=647.3 secs=19.9 minsec_mbps=372 slow_secs=4 inflight=244.9 lat_ms=98.7 fio_mib=12288 disk_mib=12034 disk_ratio=0.98 other_writes_mib=6.3 streams_min_mbps=161.8 iops=- lat_p50_ms=- lat_p95_ms=- lat_p99_ms=- status=ok
23:09:42 RUN n=148/6120 pass=3 test=rand ra=61440 mbps=25.5 secs=12.0 minsec_mbps=- slow_secs=- inflight=3.8 lat_ms=10.2 fio_mib=292 disk_mib=320 disk_ratio=1.10 other_writes_mib=2.7 streams_min_mbps=- iops=389.2 lat_p50_ms=8.4 lat_p95_ms=19.8 lat_p99_ms=71.8 status=ok
23:10:00 RUN n=149/6120 pass=3 test=seq ra=77824 mbps=779.5 secs=12.8 minsec_mbps=617 slow_secs=0 inflight=220.1 lat_ms=74.5 fio_mib=9542 disk_mib=9532 disk_ratio=1.00 other_writes_mib=7.4 streams_min_mbps=- iops=- lat_p50_ms=- lat_p95_ms=- lat_p99_ms=- status=ok
23:10:15 RUN n=150/6120 pass=3 test=rand ra=126976 mbps=23.6 secs=12.0 minsec_mbps=- slow_secs=- inflight=3.8 lat_ms=11.0 fio_mib=270 disk_mib=298 disk_ratio=1.10 other_writes_mib=9.8 streams_min_mbps=- iops=359.5 lat_p50_ms=8.5 lat_p95_ms=20.3 lat_p99_ms=101.2 status=ok
23:10:33 RUN n=151/6120 pass=3 test=seq ra=102400 mbps=790.1 secs=12.7 minsec_mbps=579 slow_secs=1 inflight=215.2 lat_ms=72.7 fio_mib=9542 disk_mib=9532 disk_ratio=1.00 other_writes_mib=6.3 streams_min_mbps=- iops=- lat_p50_ms=- lat_p95_ms=- lat_p99_ms=- status=ok
23:10:50 RUN n=152/6120 pass=3 test=seq ra=69632 mbps=798.1 secs=12.5 minsec_mbps=507 slow_secs=1 inflight=214.9 lat_ms=71.3 fio_mib=9542 disk_mib=9532 disk_ratio=1.00 other_writes_mib=4.1 streams_min_mbps=- iops=- lat_p50_ms=- lat_p95_ms=- lat_p99_ms=- status=ok
23:11:07 RUN n=153/6120 pass=3 test=mixed ra=53248 mbps=768.3 secs=13.0 minsec_mbps=589 slow_secs=1 inflight=198.1 lat_ms=68.1 fio_mib=9542 disk_mib=9542 disk_ratio=1.00 other_writes_mib=2.5 streams_min_mbps=- iops=12.3 lat_p50_ms=75.0 lat_p95_ms=198.2 lat_p99_ms=265.3 status=ok
23:11:25 RUN n=154/6120 pass=3 test=mixed ra=77824 mbps=757.5 secs=13.2 minsec_mbps=605 slow_secs=0 inflight=218.0 lat_ms=76.3 fio_mib=9542 disk_mib=9540 disk_ratio=1.00 other_writes_mib=6.3 streams_min_mbps=- iops=9.7 lat_p50_ms=91.8 lat_p95_ms=223.3 lat_p99_ms=312.5 status=ok
23:11:43 RUN n=155/6120 pass=3 test=mixed ra=69632 mbps=746.9 secs=13.4 minsec_mbps=519 slow_secs=1 inflight=216.0 lat_ms=76.5 fio_mib=9542 disk_mib=9541 disk_ratio=1.00 other_writes_mib=4.1 streams_min_mbps=- iops=10.9 lat_p50_ms=80.2 lat_p95_ms=235.9 lat_p99_ms=287.3 status=ok
23:12:01 RUN n=156/6120 pass=3 test=seq ra=53248 mbps=761.6 secs=13.1 minsec_mbps=546 slow_secs=1 inflight=192.4 lat_ms=68.0 fio_mib=9542 disk_mib=9532 disk_ratio=1.00 other_writes_mib=6.9 streams_min_mbps=- iops=- lat_p50_ms=- lat_p95_ms=- lat_p99_ms=- status=ok
23:12:16 RUN n=157/6120 pass=3 test=rand ra=118784 mbps=28.0 secs=12.0 minsec_mbps=- slow_secs=- inflight=3.8 lat_ms=9.2 fio_mib=321 disk_mib=353 disk_ratio=1.10 other_writes_mib=4.3 streams_min_mbps=- iops=427.2 lat_p50_ms=8.4 lat_p95_ms=18.0 lat_p99_ms=25.6 status=ok
23:12:35 RUN n=158/6120 pass=3 test=mixed ra=36864 mbps=713.5 secs=14.0 minsec_mbps=613 slow_secs=0 inflight=138.7 lat_ms=52.2 fio_mib=9542 disk_mib=9544 disk_ratio=1.00 other_writes_mib=40.9 streams_min_mbps=- iops=13.8 lat_p50_ms=50.6 lat_p95_ms=191.9 lat_p99_ms=341.8 status=NOISY:writes
23:13:13 RUN n=159/6120 pass=3 test=conc ra=4096 mbps=394.0 secs=32.7 minsec_mbps=293 slow_secs=31 inflight=91.1 lat_ms=60.5 fio_mib=12288 disk_mib=11867 disk_ratio=0.97 other_writes_mib=8.5 streams_min_mbps=98.5 iops=- lat_p50_ms=- lat_p95_ms=- lat_p99_ms=- status=ok
23:13:31 RUN n=160/6120 pass=3 test=mixed ra=61440 mbps=750.6 secs=13.3 minsec_mbps=601 slow_secs=0 inflight=206.6 lat_ms=72.8 fio_mib=9542 disk_mib=9542 disk_ratio=1.00 other_writes_mib=4.7 streams_min_mbps=- iops=12.6 lat_p50_ms=69.7 lat_p95_ms=204.5 lat_p99_ms=248.5 status=ok
23:13:56 RUN n=161/6120 pass=3 test=conc ra=126976 mbps=653.7 secs=19.7 minsec_mbps=484 slow_secs=3 inflight=249.6 lat_ms=96.3 fio_mib=12288 disk_mib=12432 disk_ratio=1.01 other_writes_mib=3.9 streams_min_mbps=163.4 iops=- lat_p50_ms=- lat_p95_ms=- lat_p99_ms=- status=ok
23:14:11 RUN n=162/6120 pass=3 test=rand ra=86016 mbps=25.9 secs=12.1 minsec_mbps=- slow_secs=- inflight=3.8 lat_ms=10.0 fio_mib=298 disk_mib=326 disk_ratio=1.09 other_writes_mib=4.8 streams_min_mbps=- iops=395.1 lat_p50_ms=8.5 lat_p95_ms=18.5 lat_p99_ms=64.7 status=ok
23:14:44 RUN n=163/6120 pass=3 test=conc ra=118784 mbps=463.0 secs=27.8 minsec_mbps=63 slow_secs=12 inflight=252.5 lat_ms=134.5 fio_mib=12288 disk_mib=12555 disk_ratio=1.02 other_writes_mib=43.4 streams_min_mbps=115.8 iops=- lat_p50_ms=- lat_p95_ms=- lat_p99_ms=- status=NOISY:writes
23:15:01 RUN n=164/6120 pass=3 test=seq ra=118784 mbps=804.2 secs=12.4 minsec_mbps=675 slow_secs=0 inflight=226.2 lat_ms=74.6 fio_mib=9542 disk_mib=9532 disk_ratio=1.00 other_writes_mib=4.0 streams_min_mbps=- iops=- lat_p50_ms=- lat_p95_ms=- lat_p99_ms=- status=ok
23:15:39 RUN n=165/6120 pass=3 test=conc ra=69632 mbps=388.3 secs=33.2 minsec_mbps=65 slow_secs=21 inflight=252.0 lat_ms=164.5 fio_mib=12288 disk_mib=12257 disk_ratio=1.00 other_writes_mib=13.4 streams_min_mbps=97.1 iops=- lat_p50_ms=- lat_p95_ms=- lat_p99_ms=- status=ok
23:15:59 RUN n=166/6120 pass=3 test=mixed ra=28672 mbps=658.8 secs=15.2 minsec_mbps=525 slow_secs=1 inflight=114.4 lat_ms=46.1 fio_mib=9542 disk_mib=9549 disk_ratio=1.00 other_writes_mib=7.3 streams_min_mbps=- iops=17.6 lat_p50_ms=40.1 lat_p95_ms=154.1 lat_p99_ms=233.8 status=ok
23:16:16 RUN n=167/6120 pass=3 test=seq ra=61440 mbps=766.2 secs=13.1 minsec_mbps=625 slow_secs=0 inflight=204.4 lat_ms=71.0 fio_mib=9542 disk_mib=9532 disk_ratio=1.00 other_writes_mib=4.3 streams_min_mbps=- iops=- lat_p50_ms=- lat_p95_ms=- lat_p99_ms=- status=ok
23:16:34 RUN n=168/6120 pass=3 test=mixed ra=86016 mbps=785.2 secs=12.7 minsec_mbps=602 slow_secs=0 inflight=221.5 lat_ms=75.2 fio_mib=9542 disk_mib=9540 disk_ratio=1.00 other_writes_mib=4.9 streams_min_mbps=- iops=10.5 lat_p50_ms=88.6 lat_p95_ms=210.8 lat_p99_ms=270.5 status=ok
23:16:52 RUN n=169/6120 pass=3 test=seq ra=131072 mbps=722.7 secs=13.8 minsec_mbps=274 slow_secs=2 inflight=222.3 lat_ms=81.3 fio_mib=9542 disk_mib=9532 disk_ratio=1.00 other_writes_mib=40.7 streams_min_mbps=- iops=- lat_p50_ms=- lat_p95_ms=- lat_p99_ms=- status=NOISY:writes
23:17:10 RUN n=170/6120 pass=3 test=seq ra=12288 mbps=774.0 secs=12.9 minsec_mbps=488 slow_secs=1 inflight=44.8 lat_ms=15.4 fio_mib=9542 disk_mib=9532 disk_ratio=1.00 other_writes_mib=2.9 streams_min_mbps=- iops=- lat_p50_ms=- lat_p95_ms=- lat_p99_ms=- status=ok
23:17:35 RUN n=171/6120 pass=3 test=conc ra=86016 mbps=637.0 secs=20.2 minsec_mbps=511 slow_secs=4 inflight=249.8 lat_ms=99.0 fio_mib=12288 disk_mib=12405 disk_ratio=1.01 other_writes_mib=6.9 streams_min_mbps=159.2 iops=- lat_p50_ms=- lat_p95_ms=- lat_p99_ms=- status=ok
23:17:52 RUN n=172/6120 pass=3 test=seq ra=110592 mbps=806.8 secs=12.4 minsec_mbps=611 slow_secs=0 inflight=224.2 lat_ms=74.0 fio_mib=9542 disk_mib=9532 disk_ratio=1.00 other_writes_mib=2.8 streams_min_mbps=- iops=- lat_p50_ms=- lat_p95_ms=- lat_p99_ms=- status=ok
23:18:07 RUN n=173/6120 pass=3 test=rand ra=4096 mbps=26.9 secs=12.0 minsec_mbps=- slow_secs=- inflight=3.8 lat_ms=9.6 fio_mib=309 disk_mib=339 disk_ratio=1.10 other_writes_mib=3.6 streams_min_mbps=- iops=411.0 lat_p50_ms=8.5 lat_p95_ms=18.5 lat_p99_ms=39.1 status=ok
23:18:26 RUN n=174/6120 pass=3 test=mixed ra=45056 mbps=728.6 secs=13.7 minsec_mbps=557 slow_secs=2 inflight=173.4 lat_ms=63.1 fio_mib=9542 disk_mib=9542 disk_ratio=1.00 other_writes_mib=21.8 streams_min_mbps=- iops=11.9 lat_p50_ms=70.8 lat_p95_ms=189.8 lat_p99_ms=337.6 status=NOISY:writes
23:18:49 RUN n=175/6120 pass=3 test=mixed ra=12288 mbps=534.6 secs=18.7 minsec_mbps=67 slow_secs=8 inflight=52.0 lat_ms=25.5 fio_mib=9542 disk_mib=9560 disk_ratio=1.00 other_writes_mib=67.2 streams_min_mbps=- iops=24.3 lat_p50_ms=24.0 lat_p95_ms=123.2 lat_p99_ms=304.1 status=NOISY:writes
23:19:14 RUN n=176/6120 pass=3 test=conc ra=131072 mbps=642.7 secs=20.0 minsec_mbps=552 slow_secs=3 inflight=250.7 lat_ms=95.1 fio_mib=12288 disk_mib=12815 disk_ratio=1.04 other_writes_mib=5.8 streams_min_mbps=160.7 iops=- lat_p50_ms=- lat_p95_ms=- lat_p99_ms=- status=ok
23:19:39 RUN n=177/6120 pass=3 test=conc ra=20480 mbps=636.3 secs=20.2 minsec_mbps=503 slow_secs=8 inflight=243.3 lat_ms=99.8 fio_mib=12288 disk_mib=11948 disk_ratio=0.97 other_writes_mib=6.2 streams_min_mbps=159.1 iops=- lat_p50_ms=- lat_p95_ms=- lat_p99_ms=- status=ok
23:19:57 RUN n=178/6120 pass=3 test=seq ra=94208 mbps=765.4 secs=13.1 minsec_mbps=679 slow_secs=0 inflight=220.3 lat_ms=76.4 fio_mib=9542 disk_mib=9532 disk_ratio=1.00 other_writes_mib=2.1 streams_min_mbps=- iops=- lat_p50_ms=- lat_p95_ms=- lat_p99_ms=- status=ok
23:20:14 RUN n=179/6120 pass=3 test=seq ra=126976 mbps=800.3 secs=12.5 minsec_mbps=648 slow_secs=0 inflight=219.1 lat_ms=73.1 fio_mib=9542 disk_mib=9532 disk_ratio=1.00 other_writes_mib=8.6 streams_min_mbps=- iops=- lat_p50_ms=- lat_p95_ms=- lat_p99_ms=- status=ok
23:20:40 RUN n=180/6120 pass=3 test=conc ra=94208 mbps=613.1 secs=21.0 minsec_mbps=454 slow_secs=5 inflight=250.0 lat_ms=101.4 fio_mib=12288 disk_mib=12539 disk_ratio=1.02 other_writes_mib=45.3 streams_min_mbps=153.3 iops=- lat_p50_ms=- lat_p95_ms=- lat_p99_ms=- status=NOISY:writes
23:20:57 RUN n=181/6120 pass=3 test=seq ra=86016 mbps=793.3 secs=12.6 minsec_mbps=657 slow_secs=0 inflight=227.0 lat_ms=75.8 fio_mib=9542 disk_mib=9532 disk_ratio=1.00 other_writes_mib=3.9 streams_min_mbps=- iops=- lat_p50_ms=- lat_p95_ms=- lat_p99_ms=- status=ok
23:21:26 RUN n=182/6120 pass=3 test=conc ra=12288 mbps=547.1 secs=23.6 minsec_mbps=462 slow_secs=20 inflight=228.7 lat_ms=109.3 fio_mib=12288 disk_mib=11919 disk_ratio=0.97 other_writes_mib=8.4 streams_min_mbps=136.8 iops=- lat_p50_ms=- lat_p95_ms=- lat_p99_ms=- status=ok
23:21:43 RUN n=183/6120 pass=3 test=mixed ra=110592 mbps=780.4 secs=12.8 minsec_mbps=694 slow_secs=0 inflight=224.6 lat_ms=76.1 fio_mib=9542 disk_mib=9540 disk_ratio=1.00 other_writes_mib=3.3 streams_min_mbps=- iops=10.0 lat_p50_ms=89.7 lat_p95_ms=259.0 lat_p99_ms=329.3 status=ok
23:22:01 RUN n=184/6120 pass=3 test=mixed ra=126976 mbps=752.8 secs=13.3 minsec_mbps=549 slow_secs=1 inflight=225.3 lat_ms=79.4 fio_mib=9542 disk_mib=9540 disk_ratio=1.00 other_writes_mib=6.0 streams_min_mbps=- iops=9.7 lat_p50_ms=92.8 lat_p95_ms=242.2 lat_p99_ms=316.7 status=ok
23:22:29 RUN n=185/6120 pass=3 test=mixed ra=4096 mbps=419.0 secs=23.9 minsec_mbps=284 slow_secs=22 inflight=18.6 lat_ms=11.4 fio_mib=9542 disk_mib=9603 disk_ratio=1.01 other_writes_mib=7.6 streams_min_mbps=- iops=47.5 lat_p50_ms=13.8 lat_p95_ms=53.7 lat_p99_ms=85.5 status=ok
23:22:45 RUN n=186/6120 pass=3 test=rand ra=77824 mbps=23.9 secs=12.0 minsec_mbps=- slow_secs=- inflight=3.8 lat_ms=10.9 fio_mib=274 disk_mib=300 disk_ratio=1.09 other_writes_mib=49.6 streams_min_mbps=- iops=364.8 lat_p50_ms=8.5 lat_p95_ms=18.5 lat_p99_ms=60.0 status=NOISY:writes
23:23:03 RUN n=187/6120 pass=3 test=seq ra=45056 mbps=765.0 secs=13.1 minsec_mbps=656 slow_secs=0 inflight=169.7 lat_ms=58.7 fio_mib=9542 disk_mib=9532 disk_ratio=1.00 other_writes_mib=3.1 streams_min_mbps=- iops=- lat_p50_ms=- lat_p95_ms=- lat_p99_ms=- status=ok
23:23:18 RUN n=188/6120 pass=3 test=rand ra=36864 mbps=28.6 secs=12.0 minsec_mbps=- slow_secs=- inflight=3.8 lat_ms=9.1 fio_mib=328 disk_mib=359 disk_ratio=1.10 other_writes_mib=4.0 streams_min_mbps=- iops=436.6 lat_p50_ms=8.5 lat_p95_ms=17.7 lat_p99_ms=26.9 status=ok
23:23:35 RUN n=189/6120 pass=3 test=mixed ra=94208 mbps=809.8 secs=12.4 minsec_mbps=716 slow_secs=0 inflight=226.8 lat_ms=74.1 fio_mib=9542 disk_mib=9539 disk_ratio=1.00 other_writes_mib=2.6 streams_min_mbps=- iops=9.5 lat_p50_ms=103.3 lat_p95_ms=229.6 lat_p99_ms=308.3 status=ok
23:24:06 RUN n=190/6120 pass=3 test=conc ra=77824 mbps=489.5 secs=26.3 minsec_mbps=89 slow_secs=14 inflight=251.2 lat_ms=130.6 fio_mib=12288 disk_mib=12205 disk_ratio=0.99 other_writes_mib=5.6 streams_min_mbps=122.4 iops=- lat_p50_ms=- lat_p95_ms=- lat_p99_ms=- status=ok
23:24:22 RUN n=191/6120 pass=3 test=rand ra=12288 mbps=28.4 secs=12.0 minsec_mbps=- slow_secs=- inflight=3.8 lat_ms=9.1 fio_mib=325 disk_mib=356 disk_ratio=1.10 other_writes_mib=4.0 streams_min_mbps=- iops=432.6 lat_p50_ms=8.4 lat_p95_ms=17.7 lat_p99_ms=26.6 status=ok
23:24:37 RUN n=192/6120 pass=3 test=rand ra=28672 mbps=27.4 secs=12.0 minsec_mbps=- slow_secs=- inflight=3.8 lat_ms=9.5 fio_mib=314 disk_mib=345 disk_ratio=1.10 other_writes_mib=3.5 streams_min_mbps=- iops=417.6 lat_p50_ms=8.5 lat_p95_ms=18.0 lat_p99_ms=35.4 status=ok
23:24:53 RUN n=193/6120 pass=3 test=rand ra=53248 mbps=19.2 secs=12.0 minsec_mbps=- slow_secs=- inflight=3.8 lat_ms=13.6 fio_mib=220 disk_mib=240 disk_ratio=1.09 other_writes_mib=47.1 streams_min_mbps=- iops=292.8 lat_p50_ms=8.5 lat_p95_ms=22.2 lat_p99_ms=139.5 status=NOISY:writes
23:25:11 RUN n=194/6120 pass=3 test=seq ra=20480 mbps=719.6 secs=13.9 minsec_mbps=397 slow_secs=2 inflight=80.5 lat_ms=29.4 fio_mib=9542 disk_mib=9532 disk_ratio=1.00 other_writes_mib=5.9 streams_min_mbps=- iops=- lat_p50_ms=- lat_p95_ms=- lat_p99_ms=- status=ok
23:25:39 RUN n=195/6120 pass=3 test=conc ra=28672 mbps=559.9 secs=23.0 minsec_mbps=117 slow_secs=12 inflight=247.1 lat_ms=114.5 fio_mib=12288 disk_mib=12003 disk_ratio=0.98 other_writes_mib=16.9 streams_min_mbps=140.0 iops=- lat_p50_ms=- lat_p95_ms=- lat_p99_ms=- status=ok
23:26:21 RUN n=196/6120 pass=3 test=conc ra=61440 mbps=348.5 secs=37.0 minsec_mbps=49 slow_secs=28 inflight=250.6 lat_ms=182.3 fio_mib=12288 disk_mib=12190 disk_ratio=0.99 other_writes_mib=198.8 streams_min_mbps=87.1 iops=- lat_p50_ms=- lat_p95_ms=- lat_p99_ms=- status=NOISY:writes
23:26:46 RUN n=197/6120 pass=3 test=seq ra=28672 mbps=493.8 secs=20.3 minsec_mbps=135 slow_secs=10 inflight=129.3 lat_ms=68.3 fio_mib=9542 disk_mib=9536 disk_ratio=1.00 other_writes_mib=314.4 streams_min_mbps=- iops=- lat_p50_ms=- lat_p95_ms=- lat_p99_ms=- status=NOISY:writes
23:27:02 RUN n=198/6120 pass=3 test=rand ra=45056 mbps=8.6 secs=12.7 minsec_mbps=- slow_secs=- inflight=4.5 lat_ms=25.6 fio_mib=104 disk_mib=125 disk_ratio=1.20 other_writes_mib=216.1 streams_min_mbps=- iops=131.4 lat_p50_ms=10.2 lat_p95_ms=121.1 lat_p99_ms=325.1 status=NOISY:writes
23:27:25 RUN n=199/6120 pass=3 test=mixed ra=131072 mbps=551.1 secs=18.2 minsec_mbps=171 slow_secs=7 inflight=224.1 lat_ms=106.5 fio_mib=9542 disk_mib=9543 disk_ratio=1.00 other_writes_mib=40.8 streams_min_mbps=- iops=7.3 lat_p50_ms=103.3 lat_p95_ms=375.4 lat_p99_ms=522.2 status=NOISY:writes
23:27:50 RUN n=200/6120 pass=3 test=conc ra=45056 mbps=655.2 secs=19.7 minsec_mbps=464 slow_secs=4 inflight=246.9 lat_ms=97.9 fio_mib=12288 disk_mib=12080 disk_ratio=0.98 other_writes_mib=6.1 streams_min_mbps=163.8 iops=- lat_p50_ms=- lat_p95_ms=- lat_p99_ms=- status=ok
23:28:05 RUN n=201/6120 pass=3 test=rand ra=94208 mbps=10.6 secs=12.1 minsec_mbps=- slow_secs=- inflight=4.0 lat_ms=25.2 fio_mib=122 disk_mib=135 disk_ratio=1.11 other_writes_mib=171.1 streams_min_mbps=- iops=161.0 lat_p50_ms=9.8 lat_p95_ms=108.5 lat_p99_ms=137.4 status=NOISY:writes
23:28:24 RUN n=202/6120 pass=3 test=mixed ra=20480 mbps=706.3 secs=14.2 minsec_mbps=521 slow_secs=1 inflight=82.6 lat_ms=30.9 fio_mib=9542 disk_mib=9548 disk_ratio=1.00 other_writes_mib=13.7 streams_min_mbps=- iops=18.5 lat_p50_ms=41.7 lat_p95_ms=139.5 lat_p99_ms=181.4 status=ok
23:29:10 RUN n=203/6120 pass=3 test=conc ra=102400 mbps=317.9 secs=40.5 minsec_mbps=46 slow_secs=28 inflight=253.3 lat_ms=197.8 fio_mib=12288 disk_mib=12442 disk_ratio=1.01 other_writes_mib=193.4 streams_min_mbps=79.5 iops=- lat_p50_ms=- lat_p95_ms=- lat_p99_ms=- status=NOISY:writes
23:29:56 RUN n=204/6120 pass=3 test=conc ra=110592 mbps=312.3 secs=41.3 minsec_mbps=53 slow_secs=27 inflight=247.6 lat_ms=196.0 fio_mib=12288 disk_mib=12506 disk_ratio=1.02 other_writes_mib=265.4 streams_min_mbps=78.1 iops=- lat_p50_ms=- lat_p95_ms=- lat_p99_ms=- status=NOISY:writes
23:29:56 # SUMMARY after pass 3 (status=ok only; noisy = runs left out because of concurrent writes). mbps: median/min over passes; slow = avg slow seconds; iops + lat = medians (rand: its own reads, mixed: the disturber)
23:29:56 SUM pass<=3 conc 4096 n=3 noisy=0 mbps_median=397 mbps_min=394 slow_secs_avg=30.0 inflight=91 disk_ratio=0.97 iops=0 lat_p50_ms=0.0 lat_p95_ms=0.0 lat_p99_ms=0.0
23:29:56 SUM pass<=3 conc 12288 n=2 noisy=1 mbps_median=544 mbps_min=540 slow_secs_avg=21.0 inflight=220 disk_ratio=0.97 iops=0 lat_p50_ms=0.0 lat_p95_ms=0.0 lat_p99_ms=0.0
23:29:56 SUM pass<=3 conc 20480 n=2 noisy=1 mbps_median=647 mbps_min=636 slow_secs_avg=6.0 inflight=242 disk_ratio=0.97 iops=0 lat_p50_ms=0.0 lat_p95_ms=0.0 lat_p99_ms=0.0
23:29:56 SUM pass<=3 conc 28672 n=3 noisy=0 mbps_median=640 mbps_min=560 slow_secs_avg=7.3 inflight=247 disk_ratio=0.98 iops=0 lat_p50_ms=0.0 lat_p95_ms=0.0 lat_p99_ms=0.0
23:29:56 SUM pass<=3 conc 36864 n=2 noisy=1 mbps_median=656 mbps_min=647 slow_secs_avg=4.5 inflight=247 disk_ratio=0.98 iops=0 lat_p50_ms=0.0 lat_p95_ms=0.0 lat_p99_ms=0.0
23:29:56 SUM pass<=3 conc 45056 n=2 noisy=1 mbps_median=665 mbps_min=655 slow_secs_avg=3.5 inflight=248 disk_ratio=0.98 iops=0 lat_p50_ms=0.0 lat_p95_ms=0.0 lat_p99_ms=0.0
23:29:56 SUM pass<=3 conc 53248 n=3 noisy=0 mbps_median=684 mbps_min=559 slow_secs_avg=4.0 inflight=250 disk_ratio=0.99 iops=0 lat_p50_ms=0.0 lat_p95_ms=0.0 lat_p99_ms=0.0
23:29:56 SUM pass<=3 conc 61440 n=1 noisy=2 mbps_median=674 mbps_min=674 slow_secs_avg=2.0 inflight=250 disk_ratio=0.99 iops=0 lat_p50_ms=0.0 lat_p95_ms=0.0 lat_p99_ms=0.0
23:29:56 SUM pass<=3 conc 69632 n=2 noisy=1 mbps_median=526 mbps_min=388 slow_secs_avg=12.0 inflight=250 disk_ratio=1.00 iops=0 lat_p50_ms=0.0 lat_p95_ms=0.0 lat_p99_ms=0.0
23:29:56 SUM pass<=3 conc 77824 n=2 noisy=1 mbps_median=579 mbps_min=490 slow_secs_avg=8.5 inflight=251 disk_ratio=0.99 iops=0 lat_p50_ms=0.0 lat_p95_ms=0.0 lat_p99_ms=0.0
23:29:56 SUM pass<=3 conc 86016 n=2 noisy=1 mbps_median=589 mbps_min=540 slow_secs_avg=8.0 inflight=250 disk_ratio=1.01 iops=0 lat_p50_ms=0.0 lat_p95_ms=0.0 lat_p99_ms=0.0
23:29:56 SUM pass<=3 conc 102400 n=1 noisy=2 mbps_median=661 mbps_min=661 slow_secs_avg=2.0 inflight=249 disk_ratio=1.01 iops=0 lat_p50_ms=0.0 lat_p95_ms=0.0 lat_p99_ms=0.0
23:29:56 SUM pass<=3 conc 110592 n=2 noisy=1 mbps_median=642 mbps_min=633 slow_secs_avg=5.0 inflight=251 disk_ratio=1.02 iops=0 lat_p50_ms=0.0 lat_p95_ms=0.0 lat_p99_ms=0.0
23:29:56 SUM pass<=3 conc 118784 n=1 noisy=2 mbps_median=567 mbps_min=567 slow_secs_avg=6.0 inflight=251 disk_ratio=1.02 iops=0 lat_p50_ms=0.0 lat_p95_ms=0.0 lat_p99_ms=0.0
23:29:56 SUM pass<=3 conc 126976 n=3 noisy=0 mbps_median=580 mbps_min=497 slow_secs_avg=6.3 inflight=250 disk_ratio=1.01 iops=0 lat_p50_ms=0.0 lat_p95_ms=0.0 lat_p99_ms=0.0
23:29:56 SUM pass<=3 conc 131072 n=2 noisy=1 mbps_median=634 mbps_min=624 slow_secs_avg=2.5 inflight=250 disk_ratio=1.04 iops=0 lat_p50_ms=0.0 lat_p95_ms=0.0 lat_p99_ms=0.0
23:29:56 SUM pass<=3 mixed 4096 n=2 noisy=1 mbps_median=412 mbps_min=405 slow_secs_avg=22.5 inflight=18 disk_ratio=1.01 iops=47 lat_p50_ms=14.2 lat_p95_ms=55.0 lat_p99_ms=90.2
23:29:56 SUM pass<=3 mixed 12288 n=2 noisy=1 mbps_median=618 mbps_min=595 slow_secs_avg=4.5 inflight=50 disk_ratio=1.00 iops=28 lat_p50_ms=23.0 lat_p95_ms=109.1 lat_p99_ms=161.4
23:29:56 SUM pass<=3 mixed 20480 n=3 noisy=0 mbps_median=679 mbps_min=671 slow_secs_avg=1.7 inflight=83 disk_ratio=1.00 iops=20 lat_p50_ms=34.9 lat_p95_ms=139.5 lat_p99_ms=181.4
23:29:56 SUM pass<=3 mixed 28672 n=2 noisy=1 mbps_median=686 mbps_min=659 slow_secs_avg=1.5 inflight=113 disk_ratio=1.00 iops=18 lat_p50_ms=39.6 lat_p95_ms=153.1 lat_p99_ms=222.3
23:29:56 SUM pass<=3 mixed 36864 n=1 noisy=2 mbps_median=740 mbps_min=740 slow_secs_avg=1.0 inflight=143 disk_ratio=1.00 iops=15 lat_p50_ms=51.6 lat_p95_ms=183.5 lat_p99_ms=240.1
23:29:56 SUM pass<=3 mixed 45056 n=2 noisy=1 mbps_median=745 mbps_min=741 slow_secs_avg=0.0 inflight=170 disk_ratio=1.00 iops=13 lat_p50_ms=60.5 lat_p95_ms=199.2 lat_p99_ms=245.3
23:29:56 SUM pass<=3 mixed 53248 n=2 noisy=1 mbps_median=776 mbps_min=768 slow_secs_avg=0.5 inflight=199 disk_ratio=1.00 iops=12 lat_p50_ms=78.2 lat_p95_ms=208.7 lat_p99_ms=267.9
23:29:56 SUM pass<=3 mixed 61440 n=3 noisy=0 mbps_median=789 mbps_min=751 slow_secs_avg=0.3 inflight=207 disk_ratio=1.00 iops=11 lat_p50_ms=85.5 lat_p95_ms=208.7 lat_p99_ms=248.5
23:29:56 SUM pass<=3 mixed 69632 n=3 noisy=0 mbps_median=776 mbps_min=747 slow_secs_avg=0.3 inflight=217 disk_ratio=1.00 iops=10 lat_p50_ms=93.8 lat_p95_ms=235.9 lat_p99_ms=278.9
23:29:56 SUM pass<=3 mixed 77824 n=1 noisy=2 mbps_median=758 mbps_min=758 slow_secs_avg=0.0 inflight=218 disk_ratio=1.00 iops=10 lat_p50_ms=91.8 lat_p95_ms=223.3 lat_p99_ms=312.5
23:29:56 SUM pass<=3 mixed 86016 n=3 noisy=0 mbps_median=784 mbps_min=770 slow_secs_avg=0.0 inflight=222 disk_ratio=1.00 iops=10 lat_p50_ms=83.4 lat_p95_ms=233.8 lat_p99_ms=316.7
23:29:56 SUM pass<=3 mixed 94208 n=2 noisy=1 mbps_median=791 mbps_min=772 slow_secs_avg=0.0 inflight=224 disk_ratio=1.00 iops=10 lat_p50_ms=91.8 lat_p95_ms=227.5 lat_p99_ms=293.6
23:29:56 SUM pass<=3 mixed 102400 n=3 noisy=0 mbps_median=785 mbps_min=785 slow_secs_avg=0.7 inflight=223 disk_ratio=1.00 iops=9 lat_p50_ms=99.1 lat_p95_ms=223.3 lat_p99_ms=283.1
23:29:56 SUM pass<=3 mixed 110592 n=1 noisy=2 mbps_median=780 mbps_min=780 slow_secs_avg=0.0 inflight=225 disk_ratio=1.00 iops=10 lat_p50_ms=89.7 lat_p95_ms=259.0 lat_p99_ms=329.3
23:29:56 SUM pass<=3 mixed 118784 n=3 noisy=0 mbps_median=779 mbps_min=749 slow_secs_avg=0.3 inflight=221 disk_ratio=1.00 iops=10 lat_p50_ms=94.9 lat_p95_ms=221.2 lat_p99_ms=283.1
23:29:56 SUM pass<=3 mixed 126976 n=3 noisy=0 mbps_median=783 mbps_min=753 slow_secs_avg=0.7 inflight=225 disk_ratio=1.00 iops=10 lat_p50_ms=103.3 lat_p95_ms=204.5 lat_p99_ms=287.3
23:29:56 SUM pass<=3 mixed 131072 n=1 noisy=2 mbps_median=788 mbps_min=788 slow_secs_avg=0.0 inflight=219 disk_ratio=1.00 iops=11 lat_p50_ms=80.2 lat_p95_ms=225.4 lat_p99_ms=283.1
23:29:56 SUM pass<=3 rand 4096 n=3 noisy=0 mbps_median=29 mbps_min=27 slow_secs_avg=0.0 inflight=4 disk_ratio=1.09 iops=438 lat_p50_ms=8.3 lat_p95_ms=18.0 lat_p99_ms=28.2
23:29:56 SUM pass<=3 rand 12288 n=3 noisy=0 mbps_median=28 mbps_min=26 slow_secs_avg=0.0 inflight=4 disk_ratio=1.09 iops=433 lat_p50_ms=8.4 lat_p95_ms=18.0 lat_p99_ms=26.6
23:29:56 SUM pass<=3 rand 20480 n=1 noisy=2 mbps_median=13 mbps_min=13 slow_secs_avg=0.0 inflight=4 disk_ratio=1.10 iops=204 lat_p50_ms=9.2 lat_p95_ms=100.1 lat_p99_ms=128.5
23:29:56 SUM pass<=3 rand 28672 n=2 noisy=1 mbps_median=27 mbps_min=27 slow_secs_avg=0.0 inflight=4 disk_ratio=1.10 iops=416 lat_p50_ms=8.4 lat_p95_ms=18.2 lat_p99_ms=34.1
23:29:56 SUM pass<=3 rand 36864 n=3 noisy=0 mbps_median=28 mbps_min=28 slow_secs_avg=0.0 inflight=4 disk_ratio=1.10 iops=430 lat_p50_ms=8.5 lat_p95_ms=18.0 lat_p99_ms=27.4
23:29:56 SUM pass<=3 rand 45056 n=2 noisy=1 mbps_median=26 mbps_min=26 slow_secs_avg=0.0 inflight=4 disk_ratio=1.10 iops=405 lat_p50_ms=8.5 lat_p95_ms=18.4 lat_p99_ms=39.3
23:29:56 SUM pass<=3 rand 53248 n=2 noisy=1 mbps_median=27 mbps_min=25 slow_secs_avg=0.0 inflight=4 disk_ratio=1.10 iops=408 lat_p50_ms=8.4 lat_p95_ms=18.5 lat_p99_ms=58.0
23:29:56 SUM pass<=3 rand 61440 n=3 noisy=0 mbps_median=26 mbps_min=22 slow_secs_avg=0.0 inflight=4 disk_ratio=1.10 iops=389 lat_p50_ms=8.5 lat_p95_ms=19.8 lat_p99_ms=71.8
23:29:56 SUM pass<=3 rand 69632 n=3 noisy=0 mbps_median=27 mbps_min=23 slow_secs_avg=0.0 inflight=4 disk_ratio=1.10 iops=410 lat_p50_ms=8.4 lat_p95_ms=18.0 lat_p99_ms=47.4
23:29:56 SUM pass<=3 rand 77824 n=1 noisy=2 mbps_median=27 mbps_min=27 slow_secs_avg=0.0 inflight=4 disk_ratio=1.09 iops=408 lat_p50_ms=8.4 lat_p95_ms=18.7 lat_p99_ms=38.0
23:29:56 SUM pass<=3 rand 86016 n=3 noisy=0 mbps_median=27 mbps_min=26 slow_secs_avg=0.0 inflight=4 disk_ratio=1.10 iops=413 lat_p50_ms=8.4 lat_p95_ms=18.2 lat_p99_ms=40.1
23:29:56 SUM pass<=3 rand 94208 n=1 noisy=2 mbps_median=26 mbps_min=26 slow_secs_avg=0.0 inflight=4 disk_ratio=1.09 iops=401 lat_p50_ms=8.5 lat_p95_ms=19.0 lat_p99_ms=43.3
23:29:56 SUM pass<=3 rand 102400 n=3 noisy=0 mbps_median=27 mbps_min=23 slow_secs_avg=0.0 inflight=4 disk_ratio=1.10 iops=416 lat_p50_ms=8.5 lat_p95_ms=18.0 lat_p99_ms=32.4
23:29:56 SUM pass<=3 rand 110592 n=2 noisy=1 mbps_median=22 mbps_min=17 slow_secs_avg=0.0 inflight=4 disk_ratio=1.10 iops=336 lat_p50_ms=8.8 lat_p95_ms=44.1 lat_p99_ms=78.8
23:29:56 SUM pass<=3 rand 118784 n=3 noisy=0 mbps_median=28 mbps_min=28 slow_secs_avg=0.0 inflight=4 disk_ratio=1.10 iops=427 lat_p50_ms=8.4 lat_p95_ms=18.0 lat_p99_ms=26.1
23:29:56 SUM pass<=3 rand 126976 n=2 noisy=1 mbps_median=26 mbps_min=24 slow_secs_avg=0.0 inflight=4 disk_ratio=1.10 iops=400 lat_p50_ms=8.4 lat_p95_ms=18.9 lat_p99_ms=63.5
23:29:56 SUM pass<=3 rand 131072 n=1 noisy=2 mbps_median=27 mbps_min=27 slow_secs_avg=0.0 inflight=4 disk_ratio=1.09 iops=414 lat_p50_ms=8.5 lat_p95_ms=18.2 lat_p99_ms=31.3
23:29:56 SUM pass<=3 seq 4096 n=2 noisy=1 mbps_median=695 mbps_min=637 slow_secs_avg=3.5 inflight=17 disk_ratio=1.00 iops=0 lat_p50_ms=0.0 lat_p95_ms=0.0 lat_p99_ms=0.0
23:29:56 SUM pass<=3 seq 12288 n=3 noisy=0 mbps_median=774 mbps_min=758 slow_secs_avg=0.7 inflight=45 disk_ratio=1.00 iops=0 lat_p50_ms=0.0 lat_p95_ms=0.0 lat_p99_ms=0.0
23:29:56 SUM pass<=3 seq 20480 n=2 noisy=1 mbps_median=735 mbps_min=720 slow_secs_avg=1.5 inflight=78 disk_ratio=1.00 iops=0 lat_p50_ms=0.0 lat_p95_ms=0.0 lat_p99_ms=0.0
23:29:56 SUM pass<=3 seq 28672 n=2 noisy=1 mbps_median=794 mbps_min=782 slow_secs_avg=0.0 inflight=107 disk_ratio=1.00 iops=0 lat_p50_ms=0.0 lat_p95_ms=0.0 lat_p99_ms=0.0
23:29:56 SUM pass<=3 seq 36864 n=3 noisy=0 mbps_median=756 mbps_min=750 slow_secs_avg=0.7 inflight=141 disk_ratio=1.00 iops=0 lat_p50_ms=0.0 lat_p95_ms=0.0 lat_p99_ms=0.0
23:29:56 SUM pass<=3 seq 45056 n=2 noisy=1 mbps_median=778 mbps_min=765 slow_secs_avg=0.0 inflight=169 disk_ratio=1.00 iops=0 lat_p50_ms=0.0 lat_p95_ms=0.0 lat_p99_ms=0.0
23:29:56 SUM pass<=3 seq 53248 n=3 noisy=0 mbps_median=790 mbps_min=762 slow_secs_avg=0.7 inflight=194 disk_ratio=1.00 iops=0 lat_p50_ms=0.0 lat_p95_ms=0.0 lat_p99_ms=0.0
23:29:56 SUM pass<=3 seq 61440 n=3 noisy=0 mbps_median=827 mbps_min=766 slow_secs_avg=0.0 inflight=205 disk_ratio=1.00 iops=0 lat_p50_ms=0.0 lat_p95_ms=0.0 lat_p99_ms=0.0
23:29:56 SUM pass<=3 seq 69632 n=2 noisy=1 mbps_median=797 mbps_min=795 slow_secs_avg=1.0 inflight=215 disk_ratio=1.00 iops=0 lat_p50_ms=0.0 lat_p95_ms=0.0 lat_p99_ms=0.0
23:29:56 SUM pass<=3 seq 77824 n=3 noisy=0 mbps_median=817 mbps_min=780 slow_secs_avg=0.0 inflight=219 disk_ratio=1.00 iops=0 lat_p50_ms=0.0 lat_p95_ms=0.0 lat_p99_ms=0.0
23:29:56 SUM pass<=3 seq 86016 n=3 noisy=0 mbps_median=793 mbps_min=793 slow_secs_avg=0.0 inflight=223 disk_ratio=1.00 iops=0 lat_p50_ms=0.0 lat_p95_ms=0.0 lat_p99_ms=0.0
23:29:56 SUM pass<=3 seq 94208 n=3 noisy=0 mbps_median=834 mbps_min=765 slow_secs_avg=0.0 inflight=222 disk_ratio=1.00 iops=0 lat_p50_ms=0.0 lat_p95_ms=0.0 lat_p99_ms=0.0
23:29:56 SUM pass<=3 seq 102400 n=3 noisy=0 mbps_median=801 mbps_min=790 slow_secs_avg=0.3 inflight=219 disk_ratio=1.00 iops=0 lat_p50_ms=0.0 lat_p95_ms=0.0 lat_p99_ms=0.0
23:29:56 SUM pass<=3 seq 110592 n=2 noisy=1 mbps_median=808 mbps_min=807 slow_secs_avg=0.0 inflight=224 disk_ratio=1.00 iops=0 lat_p50_ms=0.0 lat_p95_ms=0.0 lat_p99_ms=0.0
23:29:56 SUM pass<=3 seq 118784 n=2 noisy=1 mbps_median=818 mbps_min=804 slow_secs_avg=0.0 inflight=225 disk_ratio=1.00 iops=0 lat_p50_ms=0.0 lat_p95_ms=0.0 lat_p99_ms=0.0
23:29:56 SUM pass<=3 seq 126976 n=3 noisy=0 mbps_median=800 mbps_min=794 slow_secs_avg=0.0 inflight=223 disk_ratio=1.00 iops=0 lat_p50_ms=0.0 lat_p95_ms=0.0 lat_p99_ms=0.0
23:29:56 SUM pass<=3 seq 131072 n=2 noisy=1 mbps_median=836 mbps_min=833 slow_secs_avg=0.0 inflight=220 disk_ratio=1.00 iops=0 lat_p50_ms=0.0 lat_p95_ms=0.0 lat_p99_ms=0.0
23:29:58 WRITER since_start systemd pid=1 mib=1722
23:29:58 WRITER since_start btrfs-transaction pid=722 mib=781
23:29:58 WRITER since_start influxd pid=4401 mib=625
23:29:58 WRITER since_start nfsd pid=4138 mib=517
23:29:58 WRITER since_start nfsd pid=4140 mib=449
23:29:58 WRITER since_start nfsd pid=4133 mib=449
23:29:58 WRITER since_start nfsd pid=4136 mib=444
23:29:58 WRITER since_start nfsd pid=4146 mib=439
23:30:16 RUN n=205/6120 pass=4 test=seq ra=102400 mbps=760.7 secs=13.2 minsec_mbps=601 slow_secs=0 inflight=222.3 lat_ms=77.5 fio_mib=9542 disk_mib=9532 disk_ratio=1.00 other_writes_mib=54.7 streams_min_mbps=- iops=- lat_p50_ms=- lat_p95_ms=- lat_p99_ms=- status=NOISY:writes
23:30:41 RUN n=206/6120 pass=4 test=conc ra=118784 mbps=632.0 secs=20.4 minsec_mbps=435 slow_secs=4 inflight=249.1 lat_ms=98.9 fio_mib=12288 disk_mib=12559 disk_ratio=1.02 other_writes_mib=22.0 streams_min_mbps=158.0 iops=- lat_p50_ms=- lat_p95_ms=- lat_p99_ms=- status=NOISY:writes
23:31:01 RUN n=207/6120 pass=4 test=mixed ra=110592 mbps=682.4 secs=14.7 minsec_mbps=284 slow_secs=3 inflight=226.7 lat_ms=88.2 fio_mib=9542 disk_mib=9540 disk_ratio=1.00 other_writes_mib=56.5 streams_min_mbps=- iops=8.3 lat_p50_ms=107.5 lat_p95_ms=267.4 lat_p99_ms=404.8 status=NOISY:writes
23:31:16 RUN n=208/6120 pass=4 test=rand ra=94208 mbps=13.7 secs=12.0 minsec_mbps=- slow_secs=- inflight=4.0 lat_ms=19.0 fio_mib=157 disk_mib=174 disk_ratio=1.11 other_writes_mib=51.4 streams_min_mbps=- iops=208.9 lat_p50_ms=9.4 lat_p95_ms=97.0 lat_p99_ms=127.4 status=NOISY:writes
23:32:26 RUN n=209/6120 pass=4 test=conc ra=102400 mbps=197.6 secs=65.2 minsec_mbps=40 slow_secs=56 inflight=253.6 lat_ms=314.9 fio_mib=12288 disk_mib=12449 disk_ratio=1.01 other_writes_mib=260.0 streams_min_mbps=49.4 iops=- lat_p50_ms=- lat_p95_ms=- lat_p99_ms=- status=NOISY:writes
23:32:49 RUN n=210/6120 pass=4 test=seq ra=20480 mbps=575.6 secs=17.4 minsec_mbps=457 slow_secs=9 inflight=82.8 lat_ms=37.5 fio_mib=9542 disk_mib=9540 disk_ratio=1.00 other_writes_mib=76.8 streams_min_mbps=- iops=- lat_p50_ms=- lat_p95_ms=- lat_p99_ms=- status=NOISY:writes
23:33:04 RUN n=211/6120 pass=4 test=rand ra=4096 mbps=8.1 secs=12.1 minsec_mbps=- slow_secs=- inflight=3.9 lat_ms=31.8 fio_mib=94 disk_mib=104 disk_ratio=1.11 other_writes_mib=135.1 streams_min_mbps=- iops=123.9 lat_p50_ms=9.9 lat_p95_ms=119.0 lat_p99_ms=316.7 status=NOISY:writes
23:33:28 RUN n=212/6120 pass=4 test=conc ra=53248 mbps=671.7 secs=19.2 minsec_mbps=597 slow_secs=1 inflight=248.0 lat_ms=95.4 fio_mib=12288 disk_mib=12115 disk_ratio=0.99 other_writes_mib=5.5 streams_min_mbps=167.9 iops=- lat_p50_ms=- lat_p95_ms=- lat_p99_ms=- status=ok
23:33:43 # signalled, aborting
23:33:43 RESTORED read_ahead_kb=131072
